Component: ARM Compiler 6.10.1 Tool: armlink [5d142800]

==============================================================================

Section Cross References

    startup_stm32f302x8.o(RESET) refers to startup_stm32f302x8.o(STACK) for __initial_sp
    startup_stm32f302x8.o(RESET) refers to startup_stm32f302x8.o(.text) for Reset_Handler
    startup_stm32f302x8.o(RESET) refers to stm32f3xx_it.o(.text.NMI_Handler) for NMI_Handler
    startup_stm32f302x8.o(RESET) refers to stm32f3xx_it.o(.text.HardFault_Handler) for HardFault_Handler
    startup_stm32f302x8.o(RESET) refers to stm32f3xx_it.o(.text.MemManage_Handler) for MemManage_Handler
    startup_stm32f302x8.o(RESET) refers to stm32f3xx_it.o(.text.BusFault_Handler) for BusFault_Handler
    startup_stm32f302x8.o(RESET) refers to stm32f3xx_it.o(.text.UsageFault_Handler) for UsageFault_Handler
    startup_stm32f302x8.o(RESET) refers to stm32f3xx_it.o(.text.SVC_Handler) for SVC_Handler
    startup_stm32f302x8.o(RESET) refers to stm32f3xx_it.o(.text.DebugMon_Handler) for DebugMon_Handler
    startup_stm32f302x8.o(RESET) refers to stm32f3xx_it.o(.text.PendSV_Handler) for PendSV_Handler
    startup_stm32f302x8.o(RESET) refers to stm32f3xx_it.o(.text.SysTick_Handler) for SysTick_Handler
    startup_stm32f302x8.o(RESET) refers to stm32f3xx_it.o(.text.DMA1_Channel4_IRQHandler) for DMA1_Channel4_IRQHandler
    startup_stm32f302x8.o(RESET) refers to stm32f3xx_it.o(.text.DMA1_Channel5_IRQHandler) for DMA1_Channel5_IRQHandler
    startup_stm32f302x8.o(RESET) refers to stm32f3xx_it.o(.text.USART1_IRQHandler) for USART1_IRQHandler
    startup_stm32f302x8.o(.text) refers to system_stm32f3xx.o(.text.SystemInit) for SystemInit
    startup_stm32f302x8.o(.text) refers to entry.o(.ARM.Collect$$$$00000000) for __main
    main.o(.ARM.exidx.text.fputc) refers to main.o(.text.fputc) for [Anonymous Symbol]
    main.o(.text.main) refers to stm32f3xx_hal.o(.text.HAL_Init) for HAL_Init
    main.o(.text.main) refers to main.o(.text.SystemClock_Config) for SystemClock_Config
    main.o(.text.main) refers to stm32f3xx_hal_gpio.o(.text.HAL_GPIO_WritePin) for HAL_GPIO_WritePin
    main.o(.text.main) refers to stm32f3xx_hal_cortex.o(.text.HAL_NVIC_SetPriority) for HAL_NVIC_SetPriority
    main.o(.text.main) refers to stm32f3xx_hal_cortex.o(.text.HAL_NVIC_EnableIRQ) for HAL_NVIC_EnableIRQ
    main.o(.text.main) refers to stm32f3xx_hal_uart.o(.text.HAL_UART_Init) for HAL_UART_Init
    main.o(.text.main) refers to mem_allocator.o(.text.initPoolAllocator) for initPoolAllocator
    main.o(.text.main) refers to drv_uart.o(.text.SetToSendMode) for SetToSendMode
    main.o(.text.main) refers to stm32f3xx_hal_gpio.o(.text.HAL_GPIO_TogglePin) for HAL_GPIO_TogglePin
    main.o(.text.main) refers to stm32f3xx_hal.o(.text.HAL_Delay) for HAL_Delay
    main.o(.text.main) refers to stm32f3xx_hal_gpio.o(.text.HAL_GPIO_Init) for HAL_GPIO_Init
    main.o(.text.main) refers to main.o(.bss.huart1) for huart1
    main.o(.text.main) refers to mem_allocator.o(.bss.instance) for instance
    main.o(.text.main) refers to mem_allocator.o(.bss.memory_pool) for memory_pool
    main.o(.ARM.exidx.text.main) refers to main.o(.text.main) for [Anonymous Symbol]
    main.o(.text.SystemClock_Config) refers to memseta.o(.text) for __aeabi_memclr4
    main.o(.text.SystemClock_Config) refers to stm32f3xx_hal_rcc.o(.text.HAL_RCC_OscConfig) for HAL_RCC_OscConfig
    main.o(.text.SystemClock_Config) refers to stm32f3xx_hal_rcc.o(.text.HAL_RCC_ClockConfig) for HAL_RCC_ClockConfig
    main.o(.text.SystemClock_Config) refers to stm32f3xx_hal_rcc_ex.o(.text.HAL_RCCEx_PeriphCLKConfig) for HAL_RCCEx_PeriphCLKConfig
    main.o(.ARM.exidx.text.SystemClock_Config) refers to main.o(.text.SystemClock_Config) for [Anonymous Symbol]
    main.o(.ARM.exidx.text.Error_Handler) refers to main.o(.text.Error_Handler) for [Anonymous Symbol]
    main.o(.text.assert_failed) refers to printf3.o(i.__0printf$3) for __2printf
    main.o(.text.assert_failed) refers to stm32f3xx_hal.o(.text.HAL_Delay) for HAL_Delay
    main.o(.ARM.exidx.text.assert_failed) refers to main.o(.text.assert_failed) for [Anonymous Symbol]
    stm32f3xx_it.o(.ARM.exidx.text.NMI_Handler) refers to stm32f3xx_it.o(.text.NMI_Handler) for [Anonymous Symbol]
    stm32f3xx_it.o(.ARM.exidx.text.HardFault_Handler) refers to stm32f3xx_it.o(.text.HardFault_Handler) for [Anonymous Symbol]
    stm32f3xx_it.o(.ARM.exidx.text.MemManage_Handler) refers to stm32f3xx_it.o(.text.MemManage_Handler) for [Anonymous Symbol]
    stm32f3xx_it.o(.ARM.exidx.text.BusFault_Handler) refers to stm32f3xx_it.o(.text.BusFault_Handler) for [Anonymous Symbol]
    stm32f3xx_it.o(.ARM.exidx.text.UsageFault_Handler) refers to stm32f3xx_it.o(.text.UsageFault_Handler) for [Anonymous Symbol]
    stm32f3xx_it.o(.ARM.exidx.text.SVC_Handler) refers to stm32f3xx_it.o(.text.SVC_Handler) for [Anonymous Symbol]
[...]
    Removing stm32f3xx_hal_rcc.o(.ARM.exidx.text.HAL_RCC_GetPCLK1Freq), (8 bytes).
    Removing stm32f3xx_hal_rcc.o(.text.HAL_RCC_GetPCLK2Freq), (32 bytes).
    Removing stm32f3xx_hal_rcc.o(.ARM.exidx.text.HAL_RCC_GetPCLK2Freq), (8 bytes).
    Removing stm32f3xx_hal_rcc.o(.text.HAL_RCC_GetOscConfig), (148 bytes).
    Removing stm32f3xx_hal_rcc.o(.ARM.exidx.text.HAL_RCC_GetOscConfig), (8 bytes).
    Removing stm32f3xx_hal_rcc.o(.text.HAL_RCC_GetClockConfig), (96 bytes).
    Removing stm32f3xx_hal_rcc.o(.ARM.exidx.text.HAL_RCC_GetClockConfig), (8 bytes).
    Removing stm32f3xx_hal_rcc.o(.text.HAL_RCC_NMI_IRQHandler), (28 bytes).
    Removing stm32f3xx_hal_rcc.o(.ARM.exidx.text.HAL_RCC_NMI_IRQHandler), (8 bytes).
    Removing stm32f3xx_hal_rcc.o(.text.HAL_RCC_CSSCallback), (2 bytes).
    Removing stm32f3xx_hal_rcc.o(.ARM.exidx.text.HAL_RCC_CSSCallback), (8 bytes).
    Removing stm32f3xx_hal_rcc_ex.o(.text), (0 bytes).
    Removing stm32f3xx_hal_rcc_ex.o(.ARM.exidx.text.HAL_RCCEx_PeriphCLKConfig), (8 bytes).
    Removing stm32f3xx_hal_rcc_ex.o(.text.HAL_RCCEx_GetPeriphCLKConfig), (112 bytes).
    Removing stm32f3xx_hal_rcc_ex.o(.ARM.exidx.text.HAL_RCCEx_GetPeriphCLKConfig), (8 bytes).
    Removing stm32f3xx_hal_rcc_ex.o(.text.HAL_RCCEx_GetPeriphCLKFreq), (472 bytes).
    Removing stm32f3xx_hal_rcc_ex.o(.ARM.exidx.text.HAL_RCCEx_GetPeriphCLKFreq), (8 bytes).
    Removing stm32f3xx_hal_rcc_ex.o(.text.RCC_GetPLLCLKFreq), (56 bytes).
    Removing stm32f3xx_hal_rcc_ex.o(.ARM.exidx.text.RCC_GetPLLCLKFreq), (8 bytes).
    Removing stm32f3xx_hal_gpio.o(.text), (0 bytes).
    Removing stm32f3xx_hal_gpio.o(.ARM.exidx.text.HAL_GPIO_Init), (8 bytes).
    Removing stm32f3xx_hal_gpio.o(.text.HAL_GPIO_DeInit), (324 bytes).
    Removing stm32f3xx_hal_gpio.o(.ARM.exidx.text.HAL_GPIO_DeInit), (8 bytes).
    Removing stm32f3xx_hal_gpio.o(.text.HAL_GPIO_ReadPin), (32 bytes).
    Removing stm32f3xx_hal_gpio.o(.ARM.exidx.text.HAL_GPIO_ReadPin), (8 bytes).
    Removing stm32f3xx_hal_gpio.o(.ARM.exidx.text.HAL_GPIO_WritePin), (8 bytes).
    Removing stm32f3xx_hal_gpio.o(.ARM.exidx.text.HAL_GPIO_TogglePin), (8 bytes).
    Removing stm32f3xx_hal_gpio.o(.text.HAL_GPIO_LockPin), (88 bytes).
    Removing stm32f3xx_hal_gpio.o(.ARM.exidx.text.HAL_GPIO_LockPin), (8 bytes).
    Removing stm32f3xx_hal_gpio.o(.text.HAL_GPIO_EXTI_IRQHandler), (20 bytes).
    Removing stm32f3xx_hal_gpio.o(.ARM.exidx.text.HAL_GPIO_EXTI_IRQHandler), (8 bytes).
    Removing stm32f3xx_hal_gpio.o(.text.HAL_GPIO_EXTI_Callback), (2 bytes).
    Removing stm32f3xx_hal_gpio.o(.ARM.exidx.text.HAL_GPIO_EXTI_Callback), (8 bytes).
    Removing stm32f3xx_hal_dma.o(.text), (0 bytes).
    Removing stm32f3xx_hal_dma.o(.ARM.exidx.text.HAL_DMA_Init), (8 bytes).
    Removing stm32f3xx_hal_dma.o(.text.HAL_DMA_DeInit), (164 bytes).
    Removing stm32f3xx_hal_dma.o(.ARM.exidx.text.HAL_DMA_DeInit), (8 bytes).
    Removing stm32f3xx_hal_dma.o(.text.HAL_DMA_Start), (108 bytes).
    Removing stm32f3xx_hal_dma.o(.ARM.exidx.text.HAL_DMA_Start), (8 bytes).
    Removing stm32f3xx_hal_dma.o(.text.DMA_SetConfig), (40 bytes).
    Removing stm32f3xx_hal_dma.o(.ARM.exidx.text.DMA_SetConfig), (8 bytes).
    Removing stm32f3xx_hal_dma.o(.text.HAL_DMA_Start_IT), (132 bytes).
    Removing stm32f3xx_hal_dma.o(.ARM.exidx.text.HAL_DMA_Start_IT), (8 bytes).
    Removing stm32f3xx_hal_dma.o(.ARM.exidx.text.HAL_DMA_Abort), (8 bytes).
    Removing stm32f3xx_hal_dma.o(.ARM.exidx.text.HAL_DMA_Abort_IT), (8 bytes).
    Removing stm32f3xx_hal_dma.o(.text.HAL_DMA_PollForTransfer), (178 bytes).
    Removing stm32f3xx_hal_dma.o(.ARM.exidx.text.HAL_DMA_PollForTransfer), (8 bytes).
    Removing stm32f3xx_hal_dma.o(.ARM.exidx.text.HAL_DMA_IRQHandler), (8 bytes).
    Removing stm32f3xx_hal_dma.o(.text.HAL_DMA_RegisterCallback), (70 bytes).
    Removing stm32f3xx_hal_dma.o(.ARM.exidx.text.HAL_DMA_RegisterCallback), (8 bytes).
    Removing stm32f3xx_hal_dma.o(.text.HAL_DMA_UnRegisterCallback), (78 bytes).
    Removing stm32f3xx_hal_dma.o(.ARM.exidx.text.HAL_DMA_UnRegisterCallback), (8 bytes).
    Removing stm32f3xx_hal_dma.o(.text.HAL_DMA_GetState), (4 bytes).
    Removing stm32f3xx_hal_dma.o(.ARM.exidx.text.HAL_DMA_GetState), (8 bytes).
    Removing stm32f3xx_hal_dma.o(.text.HAL_DMA_GetError), (4 bytes).
    Removing stm32f3xx_hal_dma.o(.ARM.exidx.text.HAL_DMA_GetError), (8 bytes).
    Removing stm32f3xx_hal_cortex.o(.text), (0 bytes).
    Removing stm32f3xx_hal_cortex.o(.ARM.exidx.text.HAL_NVIC_SetPriorityGrouping), (8 bytes).
    Removing stm32f3xx_hal_cortex.o(.ARM.exidx.text.HAL_NVIC_SetPriority), (8 bytes).
    Removing stm32f3xx_hal_cortex.o(.ARM.exidx.text.HAL_NVIC_EnableIRQ), (8 bytes).
    Removing stm32f3xx_hal_cortex.o(.text.HAL_NVIC_DisableIRQ), (52 bytes).
    Removing stm32f3xx_hal_cortex.o(.ARM.exidx.text.HAL_NVIC_DisableIRQ), (8 bytes).
    Removing stm32f3xx_hal_cortex.o(.text.HAL_NVIC_SystemReset), (4 bytes).
    Removing stm32f3xx_hal_cortex.o(.ARM.exidx.text.HAL_NVIC_SystemReset), (8 bytes).
    Removing stm32f3xx_hal_cortex.o(.text.__NVIC_SystemReset), (36 bytes).
    Removing stm32f3xx_hal_cortex.o(.ARM.exidx.text.__NVIC_SystemReset), (8 bytes).
    Removing stm32f3xx_hal_cortex.o(.ARM.exidx.text.HAL_SYSTICK_Config), (8 bytes).
    Removing stm32f3xx_hal_cortex.o(.text.HAL_NVIC_GetPriorityGrouping), (16 bytes).
    Removing stm32f3xx_hal_cortex.o(.ARM.exidx.text.HAL_NVIC_GetPriorityGrouping), (8 bytes).
    Removing stm32f3xx_hal_cortex.o(.text.HAL_NVIC_GetPriority), (116 bytes).
    Removing stm32f3xx_hal_cortex.o(.ARM.exidx.text.HAL_NVIC_GetPriority), (8 bytes).
    Removing stm32f3xx_hal_cortex.o(.text.HAL_NVIC_SetPendingIRQ), (28 bytes).
    Removing stm32f3xx_hal_cortex.o(.ARM.exidx.text.HAL_NVIC_SetPendingIRQ), (8 bytes).
    Removing stm32f3xx_hal_cortex.o(.text.HAL_NVIC_GetPendingIRQ), (40 bytes).
    Removing stm32f3xx_hal_cortex.o(.ARM.exidx.text.HAL_NVIC_GetPendingIRQ), (8 bytes).
    Removing stm32f3xx_hal_cortex.o(.text.HAL_NVIC_ClearPendingIRQ), (28 bytes).
    Removing stm32f3xx_hal_cortex.o(.ARM.exidx.text.HAL_NVIC_ClearPendingIRQ), (8 bytes).
    Removing stm32f3xx_hal_cortex.o(.text.HAL_NVIC_GetActive), (40 bytes).
    Removing stm32f3xx_hal_cortex.o(.ARM.exidx.text.HAL_NVIC_GetActive), (8 bytes).
    Removing stm32f3xx_hal_cortex.o(.text.HAL_SYSTICK_CLKSourceConfig), (52 bytes).
    Removing stm32f3xx_hal_cortex.o(.ARM.exidx.text.HAL_SYSTICK_CLKSourceConfig), (8 bytes).
    Removing stm32f3xx_hal_cortex.o(.text.HAL_SYSTICK_IRQHandler), (4 bytes).
    Removing stm32f3xx_hal_cortex.o(.ARM.exidx.text.HAL_SYSTICK_IRQHandler), (8 bytes).
    Removing stm32f3xx_hal_cortex.o(.text.HAL_SYSTICK_Callback), (2 bytes).
    Removing stm32f3xx_hal_cortex.o(.ARM.exidx.text.HAL_SYSTICK_Callback), (8 bytes).
    Removing stm32f3xx_hal_pwr.o(.text), (0 bytes).
    Removing stm32f3xx_hal_pwr.o(.text.HAL_PWR_DeInit), (24 bytes).
    Removing stm32f3xx_hal_pwr.o(.ARM.exidx.text.HAL_PWR_DeInit), (8 bytes).
    Removing stm32f3xx_hal_pwr.o(.text.HAL_PWR_EnableBkUpAccess), (16 bytes).
    Removing stm32f3xx_hal_pwr.o(.ARM.exidx.text.HAL_PWR_EnableBkUpAccess), (8 bytes).
    Removing stm32f3xx_hal_pwr.o(.text.HAL_PWR_DisableBkUpAccess), (16 bytes).
    Removing stm32f3xx_hal_pwr.o(.ARM.exidx.text.HAL_PWR_DisableBkUpAccess), (8 bytes).
    Removing stm32f3xx_hal_pwr.o(.text.HAL_PWR_EnableWakeUpPin), (52 bytes).
    Removing stm32f3xx_hal_pwr.o(.ARM.exidx.text.HAL_PWR_EnableWakeUpPin), (8 bytes).
    Removing stm32f3xx_hal_pwr.o(.text.HAL_PWR_DisableWakeUpPin), (52 bytes).
    Removing stm32f3xx_hal_pwr.o(.ARM.exidx.text.HAL_PWR_DisableWakeUpPin), (8 bytes).
    Removing stm32f3xx_hal_pwr.o(.text.HAL_PWR_EnterSLEEPMode), (64 bytes).
    Removing stm32f3xx_hal_pwr.o(.ARM.exidx.text.HAL_PWR_EnterSLEEPMode), (8 bytes).
    Removing stm32f3xx_hal_pwr.o(.text.HAL_PWR_EnterSTOPMode), (96 bytes).
    Removing stm32f3xx_hal_pwr.o(.ARM.exidx.text.HAL_PWR_EnterSTOPMode), (8 bytes).
    Removing stm32f3xx_hal_pwr.o(.text.HAL_PWR_EnterSTANDBYMode), (32 bytes).
    Removing stm32f3xx_hal_pwr.o(.ARM.exidx.text.HAL_PWR_EnterSTANDBYMode), (8 bytes).
    Removing stm32f3xx_hal_pwr.o(.text.HAL_PWR_EnableSleepOnExit), (16 bytes).
    Removing stm32f3xx_hal_pwr.o(.ARM.exidx.text.HAL_PWR_EnableSleepOnExit), (8 bytes).
    Removing stm32f3xx_hal_pwr.o(.text.HAL_PWR_DisableSleepOnExit), (16 bytes).
    Removing stm32f3xx_hal_pwr.o(.ARM.exidx.text.HAL_PWR_DisableSleepOnExit), (8 bytes).
    Removing stm32f3xx_hal_pwr.o(.text.HAL_PWR_EnableSEVOnPend), (16 bytes).
    Removing stm32f3xx_hal_pwr.o(.ARM.exidx.text.HAL_PWR_EnableSEVOnPend), (8 bytes).
    Removing stm32f3xx_hal_pwr.o(.text.HAL_PWR_DisableSEVOnPend), (16 bytes).
    Removing stm32f3xx_hal_pwr.o(.ARM.exidx.text.HAL_PWR_DisableSEVOnPend), (8 bytes).
    Removing stm32f3xx_hal_pwr.o(.rodata.str1.1), (56 bytes).
    Removing stm32f3xx_hal_pwr_ex.o(.text), (0 bytes).
    Removing stm32f3xx_hal_pwr_ex.o(.text.HAL_PWR_ConfigPVD), (172 bytes).
    Removing stm32f3xx_hal_pwr_ex.o(.ARM.exidx.text.HAL_PWR_ConfigPVD), (8 bytes).
    Removing stm32f3xx_hal_pwr_ex.o(.text.HAL_PWR_EnablePVD), (16 bytes).
    Removing stm32f3xx_hal_pwr_ex.o(.ARM.exidx.text.HAL_PWR_EnablePVD), (8 bytes).
    Removing stm32f3xx_hal_pwr_ex.o(.text.HAL_PWR_DisablePVD), (16 bytes).
    Removing stm32f3xx_hal_pwr_ex.o(.ARM.exidx.text.HAL_PWR_DisablePVD), (8 bytes).
    Removing stm32f3xx_hal_pwr_ex.o(.text.HAL_PWR_PVD_IRQHandler), (32 bytes).
    Removing stm32f3xx_hal_pwr_ex.o(.ARM.exidx.text.HAL_PWR_PVD_IRQHandler), (8 bytes).
    Removing stm32f3xx_hal_pwr_ex.o(.text.HAL_PWR_PVDCallback), (2 bytes).
    Removing stm32f3xx_hal_pwr_ex.o(.ARM.exidx.text.HAL_PWR_PVDCallback), (8 bytes).
    Removing stm32f3xx_hal_pwr_ex.o(.rodata.str1.1), (59 bytes).
    Removing stm32f3xx_hal_flash.o(.text), (0 bytes).
    Removing stm32f3xx_hal_flash.o(.text.HAL_FLASH_Program), (244 bytes).
    Removing stm32f3xx_hal_flash.o(.ARM.exidx.text.HAL_FLASH_Program), (8 bytes).
    Removing stm32f3xx_hal_flash.o(.text.FLASH_WaitForLastOperation), (88 bytes).
    Removing stm32f3xx_hal_flash.o(.ARM.exidx.text.FLASH_WaitForLastOperation), (8 bytes).
    Removing stm32f3xx_hal_flash.o(.text.HAL_FLASH_Program_IT), (168 bytes).
    Removing stm32f3xx_hal_flash.o(.ARM.exidx.text.HAL_FLASH_Program_IT), (8 bytes).
    Removing stm32f3xx_hal_flash.o(.text.HAL_FLASH_IRQHandler), (300 bytes).
    Removing stm32f3xx_hal_flash.o(.ARM.exidx.text.HAL_FLASH_IRQHandler), (8 bytes).
    Removing stm32f3xx_hal_flash.o(.text.FLASH_SetErrorCode), (60 bytes).
    Removing stm32f3xx_hal_flash.o(.ARM.exidx.text.FLASH_SetErrorCode), (8 bytes).
    Removing stm32f3xx_hal_flash.o(.text.HAL_FLASH_OperationErrorCallback), (2 bytes).
    Removing stm32f3xx_hal_flash.o(.ARM.exidx.text.HAL_FLASH_OperationErrorCallback), (8 bytes).
    Removing stm32f3xx_hal_flash.o(.text.HAL_FLASH_EndOfOperationCallback), (2 bytes).
    Removing stm32f3xx_hal_flash.o(.ARM.exidx.text.HAL_FLASH_EndOfOperationCallback), (8 bytes).
    Removing stm32f3xx_hal_flash.o(.text.HAL_FLASH_Unlock), (44 bytes).
    Removing stm32f3xx_hal_flash.o(.ARM.exidx.text.HAL_FLASH_Unlock), (8 bytes).
    Removing stm32f3xx_hal_flash.o(.text.HAL_FLASH_Lock), (20 bytes).
    Removing stm32f3xx_hal_flash.o(.ARM.exidx.text.HAL_FLASH_Lock), (8 bytes).
    Removing stm32f3xx_hal_flash.o(.text.HAL_FLASH_OB_Unlock), (40 bytes).
    Removing stm32f3xx_hal_flash.o(.ARM.exidx.text.HAL_FLASH_OB_Unlock), (8 bytes).
    Removing stm32f3xx_hal_flash.o(.text.HAL_FLASH_OB_Lock), (20 bytes).
    Removing stm32f3xx_hal_flash.o(.ARM.exidx.text.HAL_FLASH_OB_Lock), (8 bytes).
    Removing stm32f3xx_hal_flash.o(.text.HAL_FLASH_OB_Launch), (24 bytes).
    Removing stm32f3xx_hal_flash.o(.ARM.exidx.text.HAL_FLASH_OB_Launch), (8 bytes).
    Removing stm32f3xx_hal_flash.o(.text.HAL_FLASH_GetError), (12 bytes).
    Removing stm32f3xx_hal_flash.o(.ARM.exidx.text.HAL_FLASH_GetError), (8 bytes).
    Removing stm32f3xx_hal_flash.o(.bss.pFlash), (32 bytes).
    Removing stm32f3xx_hal_flash.o(.rodata.str1.1), (58 bytes).
    Removing stm32f3xx_hal_flash_ex.o(.text), (0 bytes).
    Removing stm32f3xx_hal_flash_ex.o(.text.HAL_FLASHEx_Erase), (316 bytes).
    Removing stm32f3xx_hal_flash_ex.o(.ARM.exidx.text.HAL_FLASHEx_Erase), (8 bytes).
    Removing stm32f3xx_hal_flash_ex.o(.text.FLASH_MassErase), (36 bytes).
    Removing stm32f3xx_hal_flash_ex.o(.ARM.exidx.text.FLASH_MassErase), (8 bytes).
    Removing stm32f3xx_hal_flash_ex.o(.text.FLASH_PageErase), (36 bytes).
    Removing stm32f3xx_hal_flash_ex.o(.ARM.exidx.text.FLASH_PageErase), (8 bytes).
    Removing stm32f3xx_hal_flash_ex.o(.text.HAL_FLASHEx_Erase_IT), (236 bytes).
    Removing stm32f3xx_hal_flash_ex.o(.ARM.exidx.text.HAL_FLASHEx_Erase_IT), (8 bytes).
    Removing stm32f3xx_hal_flash_ex.o(.text.HAL_FLASHEx_OBErase), (100 bytes).
    Removing stm32f3xx_hal_flash_ex.o(.ARM.exidx.text.HAL_FLASHEx_OBErase), (8 bytes).
    Removing stm32f3xx_hal_flash_ex.o(.text.FLASH_OB_RDP_LevelConfig), (124 bytes).
    Removing stm32f3xx_hal_flash_ex.o(.ARM.exidx.text.FLASH_OB_RDP_LevelConfig), (8 bytes).
    Removing stm32f3xx_hal_flash_ex.o(.text.HAL_FLASHEx_OBProgram), (508 bytes).
    Removing stm32f3xx_hal_flash_ex.o(.ARM.exidx.text.HAL_FLASHEx_OBProgram), (8 bytes).
    Removing stm32f3xx_hal_flash_ex.o(.text.HAL_FLASHEx_OBGetConfig), (56 bytes).
    Removing stm32f3xx_hal_flash_ex.o(.ARM.exidx.text.HAL_FLASHEx_OBGetConfig), (8 bytes).
    Removing stm32f3xx_hal_flash_ex.o(.text.HAL_FLASHEx_OBGetUserData), (28 bytes).
    Removing stm32f3xx_hal_flash_ex.o(.ARM.exidx.text.HAL_FLASHEx_OBGetUserData), (8 bytes).
    Removing stm32f3xx_hal_flash_ex.o(.rodata.str1.1), (61 bytes).
    Removing stm32f3xx_hal_i2c.o(.text), (0 bytes).
    Removing stm32f3xx_hal_i2c.o(.text.HAL_I2C_Init), (336 bytes).
    Removing stm32f3xx_hal_i2c.o(.ARM.exidx.text.HAL_I2C_Init), (8 bytes).
    Removing stm32f3xx_hal_i2c.o(.text.HAL_I2C_MspInit), (2 bytes).
    Removing stm32f3xx_hal_i2c.o(.ARM.exidx.text.HAL_I2C_MspInit), (8 bytes).
    Removing stm32f3xx_hal_i2c.o(.text.HAL_I2C_DeInit), (92 bytes).
    Removing stm32f3xx_hal_i2c.o(.ARM.exidx.text.HAL_I2C_DeInit), (8 bytes).
    Removing stm32f3xx_hal_i2c.o(.text.HAL_I2C_MspDeInit), (2 bytes).
    Removing stm32f3xx_hal_i2c.o(.ARM.exidx.text.HAL_I2C_MspDeInit), (8 bytes).
    Removing stm32f3xx_hal_i2c.o(.text.HAL_I2C_Master_Transmit), (308 bytes).
    Removing stm32f3xx_hal_i2c.o(.ARM.exidx.text.HAL_I2C_Master_Transmit), (8 bytes).
    Removing stm32f3xx_hal_i2c.o(.text.I2C_WaitOnFlagUntilTimeout), (96 bytes).
    Removing stm32f3xx_hal_i2c.o(.ARM.exidx.text.I2C_WaitOnFlagUntilTimeout), (8 bytes).
    Removing stm32f3xx_hal_i2c.o(.text.I2C_TransferConfig), (164 bytes).
    Removing stm32f3xx_hal_i2c.o(.ARM.exidx.text.I2C_TransferConfig), (8 bytes).
    Removing stm32f3xx_hal_i2c.o(.text.I2C_WaitOnTXISFlagUntilTimeout), (76 bytes).
    Removing stm32f3xx_hal_i2c.o(.ARM.exidx.text.I2C_WaitOnTXISFlagUntilTimeout), (8 bytes).
    Removing stm32f3xx_hal_i2c.o(.text.I2C_WaitOnSTOPFlagUntilTimeout), (68 bytes).
    Removing stm32f3xx_hal_i2c.o(.ARM.exidx.text.I2C_WaitOnSTOPFlagUntilTimeout), (8 bytes).
    Removing stm32f3xx_hal_i2c.o(.text.HAL_I2C_Master_Receive), (308 bytes).
    Removing stm32f3xx_hal_i2c.o(.ARM.exidx.text.HAL_I2C_Master_Receive), (8 bytes).
    Removing stm32f3xx_hal_i2c.o(.text.I2C_WaitOnRXNEFlagUntilTimeout), (116 bytes).
    Removing stm32f3xx_hal_i2c.o(.ARM.exidx.text.I2C_WaitOnRXNEFlagUntilTimeout), (8 bytes).
    Removing stm32f3xx_hal_i2c.o(.text.HAL_I2C_Slave_Transmit), (302 bytes).
    Removing stm32f3xx_hal_i2c.o(.ARM.exidx.text.HAL_I2C_Slave_Transmit), (8 bytes).
    Removing stm32f3xx_hal_i2c.o(.text.HAL_I2C_Slave_Receive), (290 bytes).
    Removing stm32f3xx_hal_i2c.o(.ARM.exidx.text.HAL_I2C_Slave_Receive), (8 bytes).
    Removing stm32f3xx_hal_i2c.o(.text.HAL_I2C_Master_Transmit_IT), (120 bytes).
    Removing stm32f3xx_hal_i2c.o(.ARM.exidx.text.HAL_I2C_Master_Transmit_IT), (8 bytes).
    Removing stm32f3xx_hal_i2c.o(.text.I2C_Master_ISR_IT), (282 bytes).
    Removing stm32f3xx_hal_i2c.o(.ARM.exidx.text.I2C_Master_ISR_IT), (8 bytes).
    Removing stm32f3xx_hal_i2c.o(.text.I2C_Enable_IRQ), (108 bytes).
    Removing stm32f3xx_hal_i2c.o(.ARM.exidx.text.I2C_Enable_IRQ), (8 bytes).
    Removing stm32f3xx_hal_i2c.o(.text.HAL_I2C_Master_Receive_IT), (120 bytes).
    Removing stm32f3xx_hal_i2c.o(.ARM.exidx.text.HAL_I2C_Master_Receive_IT), (8 bytes).
    Removing stm32f3xx_hal_i2c.o(.text.HAL_I2C_Slave_Transmit_IT), (84 bytes).
    Removing stm32f3xx_hal_i2c.o(.ARM.exidx.text.HAL_I2C_Slave_Transmit_IT), (8 bytes).
    Removing stm32f3xx_hal_i2c.o(.text.I2C_Slave_ISR_IT), (248 bytes).
    Removing stm32f3xx_hal_i2c.o(.ARM.exidx.text.I2C_Slave_ISR_IT), (8 bytes).
    Removing stm32f3xx_hal_i2c.o(.text.HAL_I2C_Slave_Receive_IT), (84 bytes).
    Removing stm32f3xx_hal_i2c.o(.ARM.exidx.text.HAL_I2C_Slave_Receive_IT), (8 bytes).
    Removing stm32f3xx_hal_i2c.o(.text.HAL_I2C_Master_Transmit_DMA), (280 bytes).
    Removing stm32f3xx_hal_i2c.o(.ARM.exidx.text.HAL_I2C_Master_Transmit_DMA), (8 bytes).
    Removing stm32f3xx_hal_i2c.o(.text.I2C_Master_ISR_DMA), (244 bytes).
    Removing stm32f3xx_hal_i2c.o(.ARM.exidx.text.I2C_Master_ISR_DMA), (8 bytes).
    Removing stm32f3xx_hal_i2c.o(.text.I2C_DMAMasterTransmitCplt), (84 bytes).
    Removing stm32f3xx_hal_i2c.o(.ARM.exidx.text.I2C_DMAMasterTransmitCplt), (8 bytes).
    Removing stm32f3xx_hal_i2c.o(.text.I2C_DMAError), (18 bytes).
    Removing stm32f3xx_hal_i2c.o(.ARM.exidx.text.I2C_DMAError), (8 bytes).
    Removing stm32f3xx_hal_i2c.o(.text.HAL_I2C_Master_Receive_DMA), (272 bytes).
    Removing stm32f3xx_hal_i2c.o(.ARM.exidx.text.HAL_I2C_Master_Receive_DMA), (8 bytes).
    Removing stm32f3xx_hal_i2c.o(.text.I2C_DMAMasterReceiveCplt), (84 bytes).
    Removing stm32f3xx_hal_i2c.o(.ARM.exidx.text.I2C_DMAMasterReceiveCplt), (8 bytes).
    Removing stm32f3xx_hal_i2c.o(.text.HAL_I2C_Slave_Transmit_DMA), (184 bytes).
    Removing stm32f3xx_hal_i2c.o(.ARM.exidx.text.HAL_I2C_Slave_Transmit_DMA), (8 bytes).
    Removing stm32f3xx_hal_i2c.o(.text.I2C_Slave_ISR_DMA), (240 bytes).
    Removing stm32f3xx_hal_i2c.o(.ARM.exidx.text.I2C_Slave_ISR_DMA), (8 bytes).
    Removing stm32f3xx_hal_i2c.o(.text.I2C_DMASlaveTransmitCplt), (30 bytes).
    Removing stm32f3xx_hal_i2c.o(.ARM.exidx.text.I2C_DMASlaveTransmitCplt), (8 bytes).
    Removing stm32f3xx_hal_i2c.o(.text.HAL_I2C_Slave_Receive_DMA), (188 bytes).
    Removing stm32f3xx_hal_i2c.o(.ARM.exidx.text.HAL_I2C_Slave_Receive_DMA), (8 bytes).
    Removing stm32f3xx_hal_i2c.o(.text.I2C_DMASlaveReceiveCplt), (36 bytes).
    Removing stm32f3xx_hal_i2c.o(.ARM.exidx.text.I2C_DMASlaveReceiveCplt), (8 bytes).
    Removing stm32f3xx_hal_i2c.o(.text.HAL_I2C_Mem_Write), (388 bytes).
    Removing stm32f3xx_hal_i2c.o(.ARM.exidx.text.HAL_I2C_Mem_Write), (8 bytes).
    Removing stm32f3xx_hal_i2c.o(.text.I2C_RequestMemoryWrite), (112 bytes).
    Removing stm32f3xx_hal_i2c.o(.ARM.exidx.text.I2C_RequestMemoryWrite), (8 bytes).
    Removing stm32f3xx_hal_i2c.o(.text.HAL_I2C_Mem_Read), (392 bytes).
    Removing stm32f3xx_hal_i2c.o(.ARM.exidx.text.HAL_I2C_Mem_Read), (8 bytes).
    Removing stm32f3xx_hal_i2c.o(.text.I2C_RequestMemoryRead), (108 bytes).
    Removing stm32f3xx_hal_i2c.o(.ARM.exidx.text.I2C_RequestMemoryRead), (8 bytes).
    Removing stm32f3xx_hal_i2c.o(.text.HAL_I2C_Mem_Write_IT), (212 bytes).
    Removing stm32f3xx_hal_i2c.o(.ARM.exidx.text.HAL_I2C_Mem_Write_IT), (8 bytes).
    Removing stm32f3xx_hal_i2c.o(.text.HAL_I2C_Mem_Read_IT), (216 bytes).
    Removing stm32f3xx_hal_i2c.o(.ARM.exidx.text.HAL_I2C_Mem_Read_IT), (8 bytes).
    Removing stm32f3xx_hal_i2c.o(.text.HAL_I2C_Mem_Write_DMA), (300 bytes).
    Removing stm32f3xx_hal_i2c.o(.ARM.exidx.text.HAL_I2C_Mem_Write_DMA), (8 bytes).
    Removing stm32f3xx_hal_i2c.o(.text.HAL_I2C_Mem_Read_DMA), (304 bytes).
    Removing stm32f3xx_hal_i2c.o(.ARM.exidx.text.HAL_I2C_Mem_Read_DMA), (8 bytes).
    Removing stm32f3xx_hal_i2c.o(.text.HAL_I2C_IsDeviceReady), (254 bytes).
    Removing stm32f3xx_hal_i2c.o(.ARM.exidx.text.HAL_I2C_IsDeviceReady), (8 bytes).
    Removing stm32f3xx_hal_i2c.o(.text.HAL_I2C_Master_Seq_Transmit_IT), (196 bytes).
    Removing stm32f3xx_hal_i2c.o(.ARM.exidx.text.HAL_I2C_Master_Seq_Transmit_IT), (8 bytes).
    Removing stm32f3xx_hal_i2c.o(.text.I2C_ConvertOtherXferOptions), (28 bytes).
    Removing stm32f3xx_hal_i2c.o(.ARM.exidx.text.I2C_ConvertOtherXferOptions), (8 bytes).
    Removing stm32f3xx_hal_i2c.o(.text.HAL_I2C_Master_Seq_Transmit_DMA), (336 bytes).
    Removing stm32f3xx_hal_i2c.o(.ARM.exidx.text.HAL_I2C_Master_Seq_Transmit_DMA), (8 bytes).
    Removing stm32f3xx_hal_i2c.o(.text.HAL_I2C_Master_Seq_Receive_IT), (196 bytes).
    Removing stm32f3xx_hal_i2c.o(.ARM.exidx.text.HAL_I2C_Master_Seq_Receive_IT), (8 bytes).
    Removing stm32f3xx_hal_i2c.o(.text.HAL_I2C_Master_Seq_Receive_DMA), (336 bytes).
    Removing stm32f3xx_hal_i2c.o(.ARM.exidx.text.HAL_I2C_Master_Seq_Receive_DMA), (8 bytes).
    Removing stm32f3xx_hal_i2c.o(.text.HAL_I2C_Slave_Seq_Transmit_IT), (232 bytes).
    Removing stm32f3xx_hal_i2c.o(.ARM.exidx.text.HAL_I2C_Slave_Seq_Transmit_IT), (8 bytes).
    Removing stm32f3xx_hal_i2c.o(.text.I2C_Disable_IRQ), (92 bytes).
    Removing stm32f3xx_hal_i2c.o(.ARM.exidx.text.I2C_Disable_IRQ), (8 bytes).
    Removing stm32f3xx_hal_i2c.o(.text.I2C_DMAAbort), (22 bytes).
    Removing stm32f3xx_hal_i2c.o(.ARM.exidx.text.I2C_DMAAbort), (8 bytes).
    Removing stm32f3xx_hal_i2c.o(.text.HAL_I2C_Slave_Seq_Transmit_DMA), (360 bytes).
    Removing stm32f3xx_hal_i2c.o(.ARM.exidx.text.HAL_I2C_Slave_Seq_Transmit_DMA), (8 bytes).
    Removing stm32f3xx_hal_i2c.o(.text.HAL_I2C_Slave_Seq_Receive_IT), (232 bytes).
    Removing stm32f3xx_hal_i2c.o(.ARM.exidx.text.HAL_I2C_Slave_Seq_Receive_IT), (8 bytes).
    Removing stm32f3xx_hal_i2c.o(.text.HAL_I2C_Slave_Seq_Receive_DMA), (360 bytes).
    Removing stm32f3xx_hal_i2c.o(.ARM.exidx.text.HAL_I2C_Slave_Seq_Receive_DMA), (8 bytes).
    Removing stm32f3xx_hal_i2c.o(.text.HAL_I2C_EnableListen_IT), (36 bytes).
    Removing stm32f3xx_hal_i2c.o(.ARM.exidx.text.HAL_I2C_EnableListen_IT), (8 bytes).
    Removing stm32f3xx_hal_i2c.o(.text.HAL_I2C_DisableListen_IT), (46 bytes).
    Removing stm32f3xx_hal_i2c.o(.ARM.exidx.text.HAL_I2C_DisableListen_IT), (8 bytes).
    Removing stm32f3xx_hal_i2c.o(.text.HAL_I2C_Master_Abort_IT), (112 bytes).
    Removing stm32f3xx_hal_i2c.o(.ARM.exidx.text.HAL_I2C_Master_Abort_IT), (8 bytes).
    Removing stm32f3xx_hal_i2c.o(.text.HAL_I2C_EV_IRQHandler), (14 bytes).
    Removing stm32f3xx_hal_i2c.o(.ARM.exidx.text.HAL_I2C_EV_IRQHandler), (8 bytes).
    Removing stm32f3xx_hal_i2c.o(.text.HAL_I2C_ER_IRQHandler), (98 bytes).
    Removing stm32f3xx_hal_i2c.o(.ARM.exidx.text.HAL_I2C_ER_IRQHandler), (8 bytes).
    Removing stm32f3xx_hal_i2c.o(.text.I2C_ITError), (216 bytes).
    Removing stm32f3xx_hal_i2c.o(.ARM.exidx.text.I2C_ITError), (8 bytes).
    Removing stm32f3xx_hal_i2c.o(.text.HAL_I2C_MasterTxCpltCallback), (2 bytes).
    Removing stm32f3xx_hal_i2c.o(.ARM.exidx.text.HAL_I2C_MasterTxCpltCallback), (8 bytes).
    Removing stm32f3xx_hal_i2c.o(.text.HAL_I2C_MasterRxCpltCallback), (2 bytes).
    Removing stm32f3xx_hal_i2c.o(.ARM.exidx.text.HAL_I2C_MasterRxCpltCallback), (8 bytes).
    Removing stm32f3xx_hal_i2c.o(.text.HAL_I2C_SlaveTxCpltCallback), (2 bytes).
    Removing stm32f3xx_hal_i2c.o(.ARM.exidx.text.HAL_I2C_SlaveTxCpltCallback), (8 bytes).
    Removing stm32f3xx_hal_i2c.o(.text.HAL_I2C_SlaveRxCpltCallback), (2 bytes).
    Removing stm32f3xx_hal_i2c.o(.ARM.exidx.text.HAL_I2C_SlaveRxCpltCallback), (8 bytes).
    Removing stm32f3xx_hal_i2c.o(.text.HAL_I2C_AddrCallback), (2 bytes).
    Removing stm32f3xx_hal_i2c.o(.ARM.exidx.text.HAL_I2C_AddrCallback), (8 bytes).
    Removing stm32f3xx_hal_i2c.o(.text.HAL_I2C_ListenCpltCallback), (2 bytes).
    Removing stm32f3xx_hal_i2c.o(.ARM.exidx.text.HAL_I2C_ListenCpltCallback), (8 bytes).
    Removing stm32f3xx_hal_i2c.o(.text.HAL_I2C_MemTxCpltCallback), (2 bytes).
    Removing stm32f3xx_hal_i2c.o(.ARM.exidx.text.HAL_I2C_MemTxCpltCallback), (8 bytes).
    Removing stm32f3xx_hal_i2c.o(.text.HAL_I2C_MemRxCpltCallback), (2 bytes).
    Removing stm32f3xx_hal_i2c.o(.ARM.exidx.text.HAL_I2C_MemRxCpltCallback), (8 bytes).
    Removing stm32f3xx_hal_i2c.o(.text.HAL_I2C_ErrorCallback), (2 bytes).
    Removing stm32f3xx_hal_i2c.o(.ARM.exidx.text.HAL_I2C_ErrorCallback), (8 bytes).
    Removing stm32f3xx_hal_i2c.o(.text.HAL_I2C_AbortCpltCallback), (2 bytes).
    Removing stm32f3xx_hal_i2c.o(.ARM.exidx.text.HAL_I2C_AbortCpltCallback), (8 bytes).
    Removing stm32f3xx_hal_i2c.o(.text.HAL_I2C_GetState), (4 bytes).
    Removing stm32f3xx_hal_i2c.o(.ARM.exidx.text.HAL_I2C_GetState), (8 bytes).
    Removing stm32f3xx_hal_i2c.o(.text.HAL_I2C_GetMode), (4 bytes).
    Removing stm32f3xx_hal_i2c.o(.ARM.exidx.text.HAL_I2C_GetMode), (8 bytes).
    Removing stm32f3xx_hal_i2c.o(.text.HAL_I2C_GetError), (4 bytes).
    Removing stm32f3xx_hal_i2c.o(.ARM.exidx.text.HAL_I2C_GetError), (8 bytes).
    Removing stm32f3xx_hal_i2c.o(.text.I2C_Flush_TXDR), (32 bytes).
    Removing stm32f3xx_hal_i2c.o(.ARM.exidx.text.I2C_Flush_TXDR), (8 bytes).
    Removing stm32f3xx_hal_i2c.o(.text.I2C_ITMasterSeqCplt), (70 bytes).
    Removing stm32f3xx_hal_i2c.o(.ARM.exidx.text.I2C_ITMasterSeqCplt), (8 bytes).
    Removing stm32f3xx_hal_i2c.o(.text.I2C_ITMasterCplt), (212 bytes).
    Removing stm32f3xx_hal_i2c.o(.ARM.exidx.text.I2C_ITMasterCplt), (8 bytes).
    Removing stm32f3xx_hal_i2c.o(.text.I2C_ITSlaveCplt), (296 bytes).
    Removing stm32f3xx_hal_i2c.o(.ARM.exidx.text.I2C_ITSlaveCplt), (8 bytes).
    Removing stm32f3xx_hal_i2c.o(.text.I2C_ITListenCplt), (92 bytes).
    Removing stm32f3xx_hal_i2c.o(.ARM.exidx.text.I2C_ITListenCplt), (8 bytes).
    Removing stm32f3xx_hal_i2c.o(.text.I2C_ITSlaveSeqCplt), (116 bytes).
    Removing stm32f3xx_hal_i2c.o(.ARM.exidx.text.I2C_ITSlaveSeqCplt), (8 bytes).
    Removing stm32f3xx_hal_i2c.o(.text.I2C_ITAddrCplt), (150 bytes).
    Removing stm32f3xx_hal_i2c.o(.ARM.exidx.text.I2C_ITAddrCplt), (8 bytes).
    Removing stm32f3xx_hal_i2c.o(.text.I2C_TreatErrorCallback), (30 bytes).
    Removing stm32f3xx_hal_i2c.o(.ARM.exidx.text.I2C_TreatErrorCallback), (8 bytes).
    Removing stm32f3xx_hal_i2c.o(.text.I2C_IsAcknowledgeFailed), (104 bytes).
    Removing stm32f3xx_hal_i2c.o(.ARM.exidx.text.I2C_IsAcknowledgeFailed), (8 bytes).
    Removing stm32f3xx_hal_i2c.o(.rodata.str1.1), (56 bytes).
    Removing stm32f3xx_hal_i2c_ex.o(.text), (0 bytes).
    Removing stm32f3xx_hal_i2c_ex.o(.text.HAL_I2CEx_ConfigAnalogFilter), (132 bytes).
    Removing stm32f3xx_hal_i2c_ex.o(.ARM.exidx.text.HAL_I2CEx_ConfigAnalogFilter), (8 bytes).
    Removing stm32f3xx_hal_i2c_ex.o(.text.HAL_I2CEx_ConfigDigitalFilter), (124 bytes).
    Removing stm32f3xx_hal_i2c_ex.o(.ARM.exidx.text.HAL_I2CEx_ConfigDigitalFilter), (8 bytes).
    Removing stm32f3xx_hal_i2c_ex.o(.text.HAL_I2CEx_EnableWakeUp), (104 bytes).
    Removing stm32f3xx_hal_i2c_ex.o(.ARM.exidx.text.HAL_I2CEx_EnableWakeUp), (8 bytes).
    Removing stm32f3xx_hal_i2c_ex.o(.text.HAL_I2CEx_DisableWakeUp), (104 bytes).
    Removing stm32f3xx_hal_i2c_ex.o(.ARM.exidx.text.HAL_I2CEx_DisableWakeUp), (8 bytes).
    Removing stm32f3xx_hal_i2c_ex.o(.text.HAL_I2CEx_EnableFastModePlus), (84 bytes).
    Removing stm32f3xx_hal_i2c_ex.o(.ARM.exidx.text.HAL_I2CEx_EnableFastModePlus), (8 bytes).
    Removing stm32f3xx_hal_i2c_ex.o(.text.HAL_I2CEx_DisableFastModePlus), (84 bytes).
    Removing stm32f3xx_hal_i2c_ex.o(.ARM.exidx.text.HAL_I2CEx_DisableFastModePlus), (8 bytes).
    Removing stm32f3xx_hal_i2c_ex.o(.rodata.str1.1), (59 bytes).
    Removing stm32f3xx_hal_exti.o(.text), (0 bytes).
    Removing stm32f3xx_hal_exti.o(.text.HAL_EXTI_SetConfigLine), (372 bytes).
    Removing stm32f3xx_hal_exti.o(.ARM.exidx.text.HAL_EXTI_SetConfigLine), (8 bytes).
    Removing stm32f3xx_hal_exti.o(.text.HAL_EXTI_GetConfigLine), (240 bytes).
    Removing stm32f3xx_hal_exti.o(.ARM.exidx.text.HAL_EXTI_GetConfigLine), (8 bytes).
    Removing stm32f3xx_hal_exti.o(.text.HAL_EXTI_ClearConfigLine), (220 bytes).
    Removing stm32f3xx_hal_exti.o(.ARM.exidx.text.HAL_EXTI_ClearConfigLine), (8 bytes).
    Removing stm32f3xx_hal_exti.o(.text.HAL_EXTI_RegisterCallback), (12 bytes).
    Removing stm32f3xx_hal_exti.o(.ARM.exidx.text.HAL_EXTI_RegisterCallback), (8 bytes).
    Removing stm32f3xx_hal_exti.o(.text.HAL_EXTI_GetHandle), (84 bytes).
    Removing stm32f3xx_hal_exti.o(.ARM.exidx.text.HAL_EXTI_GetHandle), (8 bytes).
    Removing stm32f3xx_hal_exti.o(.text.HAL_EXTI_IRQHandler), (44 bytes).
    Removing stm32f3xx_hal_exti.o(.ARM.exidx.text.HAL_EXTI_IRQHandler), (8 bytes).
    Removing stm32f3xx_hal_exti.o(.text.HAL_EXTI_GetPending), (136 bytes).
    Removing stm32f3xx_hal_exti.o(.ARM.exidx.text.HAL_EXTI_GetPending), (8 bytes).
    Removing stm32f3xx_hal_exti.o(.text.HAL_EXTI_ClearPending), (132 bytes).
    Removing stm32f3xx_hal_exti.o(.ARM.exidx.text.HAL_EXTI_ClearPending), (8 bytes).
    Removing stm32f3xx_hal_exti.o(.text.HAL_EXTI_GenerateSWI), (116 bytes).
    Removing stm32f3xx_hal_exti.o(.ARM.exidx.text.HAL_EXTI_GenerateSWI), (8 bytes).
    Removing stm32f3xx_hal_exti.o(.rodata.str1.1), (57 bytes).
    Removing system_stm32f3xx.o(.text), (0 bytes).
    Removing system_stm32f3xx.o(.ARM.exidx.text.SystemInit), (8 bytes).
    Removing system_stm32f3xx.o(.text.SystemCoreClockUpdate), (96 bytes).
    Removing system_stm32f3xx.o(.ARM.exidx.text.SystemCoreClockUpdate), (8 bytes).
    Removing dadd.o(.text), (334 bytes).
    Removing dmul.o(.text), (228 bytes).
    Removing ddiv.o(.text), (222 bytes).
    Removing dfixul.o(.text), (48 bytes).
    Removing cdrcmple.o(.text), (48 bytes).
    Removing depilogue.o(.text), (186 bytes).

618 unused section(s) (total 29544 bytes) removed from the image.

==============================================================================

Image Symbol Table

    Local Symbols

    Symbol Name                              Value     Ov Type        Size  Object(Section)

    ../clib/microlib/division.c              0x00000000   Number         0  uidiv.o ABSOLUTE
    ../clib/microlib/division.c              0x00000000   Number         0  uldiv.o ABSOLUTE
    ../clib/microlib/init/entry.s            0x00000000   Number         0  entry7a.o ABSOLUTE
    ../clib/microlib/init/entry.s            0x00000000   Number         0  entry8a.o ABSOLUTE
    ../clib/microlib/init/entry.s            0x00000000   Number         0  entry10a.o ABSOLUTE
    ../clib/microlib/init/entry.s            0x00000000   Number         0  entry10b.o ABSOLUTE
    ../clib/microlib/init/entry.s            0x00000000   Number         0  entry11a.o ABSOLUTE
    ../clib/microlib/init/entry.s            0x00000000   Number         0  entry11b.o ABSOLUTE
    ../clib/microlib/init/entry.s            0x00000000   Number         0  entry7b.o ABSOLUTE
    ../clib/microlib/init/entry.s            0x00000000   Number         0  entry9a.o ABSOLUTE
    ../clib/microlib/init/entry.s            0x00000000   Number         0  entry5.o ABSOLUTE
    ../clib/microlib/init/entry.s            0x00000000   Number         0  entry9b.o ABSOLUTE
    ../clib/microlib/init/entry.s            0x00000000   Number         0  entry.o ABSOLUTE
    ../clib/microlib/init/entry.s            0x00000000   Number         0  entry2.o ABSOLUTE
    ../clib/microlib/init/entry.s            0x00000000   Number         0  entry8b.o ABSOLUTE
    ../clib/microlib/longlong.c              0x00000000   Number         0  llsshr.o ABSOLUTE
    ../clib/microlib/longlong.c              0x00000000   Number         0  llshl.o ABSOLUTE
    ../clib/microlib/longlong.c              0x00000000   Number         0  llushr.o ABSOLUTE
    ../clib/microlib/printf/printf.c         0x00000000   Number         0  printfb.o ABSOLUTE
    ../clib/microlib/printf/printf.c         0x00000000   Number         0  printf7.o ABSOLUTE
    ../clib/microlib/printf/printf.c         0x00000000   Number         0  printfa.o ABSOLUTE
    ../clib/microlib/printf/printf.c         0x00000000   Number         0  printf8.o ABSOLUTE
    ../clib/microlib/printf/printf.c         0x00000000   Number         0  printf3.o ABSOLUTE
    ../clib/microlib/printf/printf.c         0x00000000   Number         0  printf6.o ABSOLUTE
    ../clib/microlib/printf/printf.c         0x00000000   Number         0  printf5.o ABSOLUTE
    ../clib/microlib/printf/printf.c         0x00000000   Number         0  printf4.o ABSOLUTE
    ../clib/microlib/printf/printf.c         0x00000000   Number         0  printf2.o ABSOLUTE
    ../clib/microlib/printf/printf.c         0x00000000   Number         0  printf1.o ABSOLUTE
    ../clib/microlib/printf/printf.c         0x00000000   Number         0  printf0.o ABSOLUTE
    ../clib/microlib/printf/stubs.s          0x00000000   Number         0  stubs.o ABSOLUTE
    ../clib/microlib/stdio/streams.c         0x00000000   Number         0  stdout.o ABSOLUTE
    ../clib/microlib/string/memset.c         0x00000000   Number         0  memseta.o ABSOLUTE
    ../clib/microlib/stubs.s                 0x00000000   Number         0  iusefp.o ABSOLUTE
    ../fplib/microlib/fpadd.c                0x00000000   Number         0  dadd.o ABSOLUTE
    ../fplib/microlib/fpdiv.c                0x00000000   Number         0  ddiv.o ABSOLUTE
    ../fplib/microlib/fpepilogue.c           0x00000000   Number         0  depilogue.o ABSOLUTE
    ../fplib/microlib/fpfix.c                0x00000000   Number         0  dfixul.o ABSOLUTE
    ../fplib/microlib/fpmul.c                0x00000000   Number         0  dmul.o ABSOLUTE
    cdrcmple.s                               0x00000000   Number         0  cdrcmple.o ABSOLUTE
    dc.s                                     0x00000000   Number         0  dc.o ABSOLUTE
    drv_uart.c                               0x00000000   Number         0  drv_uart.o ABSOLUTE
    handlers.s                               0x00000000   Number         0  handlers.o ABSOLUTE
    init.s                                   0x00000000   Number         0  init.o ABSOLUTE
    main.c                                   0x00000000   Number         0  main.o ABSOLUTE
    mem_allocator.c                          0x00000000   Number         0  mem_allocator.o ABSOLUTE
    startup_stm32f302x8.s                    0x00000000   Number         0  startup_stm32f302x8.o ABSOLUTE
    stm32f3xx_hal.c                          0x00000000   Number         0  stm32f3xx_hal.o ABSOLUTE
    stm32f3xx_hal_cortex.c                   0x00000000   Number         0  stm32f3xx_hal_cortex.o ABSOLUTE
    stm32f3xx_hal_dma.c                      0x00000000   Number         0  stm32f3xx_hal_dma.o ABSOLUTE
    stm32f3xx_hal_exti.c                     0x00000000   Number         0  stm32f3xx_hal_exti.o ABSOLUTE
    stm32f3xx_hal_flash.c                    0x00000000   Number         0  stm32f3xx_hal_flash.o ABSOLUTE
    stm32f3xx_hal_flash_ex.c                 0x00000000   Number         0  stm32f3xx_hal_flash_ex.o ABSOLUTE
    stm32f3xx_hal_gpio.c                     0x00000000   Number         0  stm32f3xx_hal_gpio.o ABSOLUTE
    stm32f3xx_hal_i2c.c                      0x00000000   Number         0  stm32f3xx_hal_i2c.o ABSOLUTE
    stm32f3xx_hal_i2c_ex.c                   0x00000000   Number         0  stm32f3xx_hal_i2c_ex.o ABSOLUTE
    stm32f3xx_hal_msp.c                      0x00000000   Number         0  stm32f3xx_hal_msp.o ABSOLUTE
    stm32f3xx_hal_pwr.c                      0x00000000   Number         0  stm32f3xx_hal_pwr.o ABSOLUTE
    stm32f3xx_hal_pwr_ex.c                   0x00000000   Number         0  stm32f3xx_hal_pwr_ex.o ABSOLUTE
    stm32f3xx_hal_rcc.c                      0x00000000   Number         0  stm32f3xx_hal_rcc.o ABSOLUTE
    stm32f3xx_hal_rcc_ex.c                   0x00000000   Number         0  stm32f3xx_hal_rcc_ex.o ABSOLUTE
    stm32f3xx_hal_tim.c                      0x00000000   Number         0  stm32f3xx_hal_tim.o ABSOLUTE
    stm32f3xx_hal_tim_ex.c                   0x00000000   Number         0  stm32f3xx_hal_tim_ex.o ABSOLUTE
    stm32f3xx_hal_uart.c                     0x00000000   Number         0  stm32f3xx_hal_uart.o ABSOLUTE
    stm32f3xx_hal_uart_ex.c                  0x00000000   Number         0  stm32f3xx_hal_uart_ex.o ABSOLUTE
    stm32f3xx_it.c                           0x00000000   Number         0  stm32f3xx_it.o ABSOLUTE
    system_stm32f3xx.c                       0x00000000   Number         0  system_stm32f3xx.o ABSOLUTE
    RESET                                    0x08000000   Section      392  startup_stm32f302x8.o(RESET)
    .ARM.Collect$$$$00000000                 0x08000188   Section        0  entry.o(.ARM.Collect$$$$00000000)
    .ARM.Collect$$$$00000001                 0x08000188   Section        4  entry2.o(.ARM.Collect$$$$00000001)
    .ARM.Collect$$$$00000004                 0x0800018c   Section        4  entry5.o(.ARM.Collect$$$$00000004)
    .ARM.Collect$$$$00000008                 0x08000190   Section        0  entry7b.o(.ARM.Collect$$$$00000008)
    .ARM.Collect$$$$0000000A                 0x08000190   Section        0  entry8b.o(.ARM.Collect$$$$0000000A)
    .ARM.Collect$$$$0000000B                 0x08000190   Section        8  entry9a.o(.ARM.Collect$$$$0000000B)
    .ARM.Collect$$$$0000000D                 0x08000198   Section        0  entry10a.o(.ARM.Collect$$$$0000000D)
    .ARM.Collect$$$$0000000F                 0x08000198   Section        0  entry11a.o(.ARM.Collect$$$$0000000F)
    .ARM.Collect$$$$00002712                 0x08000198   Section        4  entry2.o(.ARM.Collect$$$$00002712)
    __lit__00000000                          0x08000198   Data           4  entry2.o(.ARM.Collect$$$$00002712)
    .text                                    0x0800019c   Section       36  startup_stm32f302x8.o(.text)
    $v0                                      0x0800019c   Number         0  startup_stm32f302x8.o(.text)
    .text                                    0x080001c0   Section        0  memseta.o(.text)
    .text                                    0x080001e4   Section        0  uidiv.o(.text)
    .text                                    0x08000210   Section       36  init.o(.text)
    [Anonymous Symbol]                       0x08000234   Section        0  stm32f3xx_it.o(.text.BusFault_Handler)
    [Anonymous Symbol]                       0x08000238   Section        0  stm32f3xx_it.o(.text.DMA1_Channel4_IRQHandler)
    __arm_cp.9_0                             0x08000240   Number         4  stm32f3xx_it.o(.text.DMA1_Channel4_IRQHandler)
    [Anonymous Symbol]                       0x08000244   Section        0  stm32f3xx_it.o(.text.DMA1_Channel5_IRQHandler)
    __arm_cp.10_0                            0x0800024c   Number         4  stm32f3xx_it.o(.text.DMA1_Channel5_IRQHandler)
    [Anonymous Symbol]                       0x08000250   Section        0  stm32f3xx_it.o(.text.DebugMon_Handler)
    [Anonymous Symbol]                       0x08000252   Section        0  main.o(.text.Error_Handler)
    [Anonymous Symbol]                       0x0800025a   Section        0  stm32f3xx_hal_dma.o(.text.HAL_DMA_Abort)
    [Anonymous Symbol]                       0x08000292   Section        0  stm32f3xx_hal_dma.o(.text.HAL_DMA_Abort_IT)
    [Anonymous Symbol]                       0x080002d6   Section        0  stm32f3xx_hal_dma.o(.text.HAL_DMA_IRQHandler)
    [Anonymous Symbol]                       0x08000374   Section        0  stm32f3xx_hal_dma.o(.text.HAL_DMA_Init)
    __arm_cp.0_0                             0x0800049c   Number         4  stm32f3xx_hal_dma.o(.text.HAL_DMA_Init)
    __arm_cp.0_1                             0x080004a0   Number         4  stm32f3xx_hal_dma.o(.text.HAL_DMA_Init)
    __arm_cp.0_2                             0x080004a4   Number         4  stm32f3xx_hal_dma.o(.text.HAL_DMA_Init)
    __arm_cp.0_3                             0x080004a8   Number         4  stm32f3xx_hal_dma.o(.text.HAL_DMA_Init)
    __arm_cp.0_4                             0x080004ac   Number         4  stm32f3xx_hal_dma.o(.text.HAL_DMA_Init)
    __arm_cp.0_5                             0x080004b0   Number         4  stm32f3xx_hal_dma.o(.text.HAL_DMA_Init)
    __arm_cp.0_6                             0x080004b4   Number         4  stm32f3xx_hal_dma.o(.text.HAL_DMA_Init)
    __arm_cp.0_7                             0x080004b8   Number         4  stm32f3xx_hal_dma.o(.text.HAL_DMA_Init)
    __arm_cp.0_8                             0x080004bc   Number         4  stm32f3xx_hal_dma.o(.text.HAL_DMA_Init)
    __arm_cp.0_9                             0x080004c0   Number         4  stm32f3xx_hal_dma.o(.text.HAL_DMA_Init)
    [Anonymous Symbol]                       0x080004c4   Section        0  stm32f3xx_hal.o(.text.HAL_Delay)
    [Anonymous Symbol]                       0x080004e4   Section        0  stm32f3xx_hal_gpio.o(.text.HAL_GPIO_Init)
    __arm_cp.0_1                             0x08000750   Number         4  stm32f3xx_hal_gpio.o(.text.HAL_GPIO_Init)
    __arm_cp.0_2                             0x08000754   Number         4  stm32f3xx_hal_gpio.o(.text.HAL_GPIO_Init)
    __arm_cp.0_3                             0x08000758   Number         4  stm32f3xx_hal_gpio.o(.text.HAL_GPIO_Init)
    __arm_cp.0_4                             0x0800075c   Number         4  stm32f3xx_hal_gpio.o(.text.HAL_GPIO_Init)
    __arm_cp.0_5                             0x08000760   Number         4  stm32f3xx_hal_gpio.o(.text.HAL_GPIO_Init)
    __arm_cp.0_6                             0x08000764   Number         4  stm32f3xx_hal_gpio.o(.text.HAL_GPIO_Init)
    __arm_cp.0_7                             0x08000768   Number         4  stm32f3xx_hal_gpio.o(.text.HAL_GPIO_Init)
    __arm_cp.0_8                             0x0800076c   Number         4  stm32f3xx_hal_gpio.o(.text.HAL_GPIO_Init)
    __arm_cp.0_9                             0x08000770   Number         4  stm32f3xx_hal_gpio.o(.text.HAL_GPIO_Init)
    __arm_cp.0_10                            0x08000774   Number         4  stm32f3xx_hal_gpio.o(.text.HAL_GPIO_Init)
    __arm_cp.0_12                            0x08000778   Number         4  stm32f3xx_hal_gpio.o(.text.HAL_GPIO_Init)
    __arm_cp.0_13                            0x0800077c   Number         4  stm32f3xx_hal_gpio.o(.text.HAL_GPIO_Init)
    __arm_cp.0_14                            0x08000780   Number         4  stm32f3xx_hal_gpio.o(.text.HAL_GPIO_Init)
    [Anonymous Symbol]                       0x08000784   Section        0  stm32f3xx_hal_gpio.o(.text.HAL_GPIO_TogglePin)
    [Anonymous Symbol]                       0x080007a8   Section        0  stm32f3xx_hal_gpio.o(.text.HAL_GPIO_WritePin)
    __arm_cp.3_0                             0x080007dc   Number         4  stm32f3xx_hal_gpio.o(.text.HAL_GPIO_WritePin)
    [Anonymous Symbol]                       0x080007e0   Section        0  stm32f3xx_hal.o(.text.HAL_GetTick)
    [Anonymous Symbol]                       0x080007e8   Section        0  stm32f3xx_hal.o(.text.HAL_IncTick)
    [Anonymous Symbol]                       0x080007f4   Section        0  stm32f3xx_hal.o(.text.HAL_Init)
    __arm_cp.0_0                             0x08000814   Number         4  stm32f3xx_hal.o(.text.HAL_Init)
    [Anonymous Symbol]                       0x08000818   Section        0  stm32f3xx_hal.o(.text.HAL_InitTick)
    __arm_cp.1_0                             0x08000850   Number         4  stm32f3xx_hal.o(.text.HAL_InitTick)
    __arm_cp.1_1                             0x08000854   Number         4  stm32f3xx_hal.o(.text.HAL_InitTick)
    [Anonymous Symbol]                       0x08000858   Section        0  stm32f3xx_hal_msp.o(.text.HAL_MspInit)
    __arm_cp.0_0                             0x08000888   Number         4  stm32f3xx_hal_msp.o(.text.HAL_MspInit)
    [Anonymous Symbol]                       0x0800088c   Section        0  stm32f3xx_hal_cortex.o(.text.HAL_NVIC_EnableIRQ)
    __arm_cp.2_1                             0x080008b0   Number         4  stm32f3xx_hal_cortex.o(.text.HAL_NVIC_EnableIRQ)
    [Anonymous Symbol]                       0x080008b4   Section        0  stm32f3xx_hal_cortex.o(.text.HAL_NVIC_SetPriority)
    __arm_cp.1_1                             0x08000924   Number         4  stm32f3xx_hal_cortex.o(.text.HAL_NVIC_SetPriority)
    [Anonymous Symbol]                       0x08000928   Section        0  stm32f3xx_hal_cortex.o(.text.HAL_NVIC_SetPriorityGrouping)
    __arm_cp.0_0                             0x08000950   Number         4  stm32f3xx_hal_cortex.o(.text.HAL_NVIC_SetPriorityGrouping)
    __arm_cp.0_1                             0x08000954   Number         4  stm32f3xx_hal_cortex.o(.text.HAL_NVIC_SetPriorityGrouping)
    __arm_cp.0_2                             0x08000958   Number         4  stm32f3xx_hal_cortex.o(.text.HAL_NVIC_SetPriorityGrouping)
    [Anonymous Symbol]                       0x0800095c   Section        0  stm32f3xx_hal_rcc_ex.o(.text.HAL_RCCEx_PeriphCLKConfig)
    __arm_cp.0_0                             0x08000c00   Number         4  stm32f3xx_hal_rcc_ex.o(.text.HAL_RCCEx_PeriphCLKConfig)
    __arm_cp.0_1                             0x08000c04   Number         4  stm32f3xx_hal_rcc_ex.o(.text.HAL_RCCEx_PeriphCLKConfig)
    __arm_cp.0_2                             0x08000c08   Number         4  stm32f3xx_hal_rcc_ex.o(.text.HAL_RCCEx_PeriphCLKConfig)
    __arm_cp.0_3                             0x08000c0c   Number         4  stm32f3xx_hal_rcc_ex.o(.text.HAL_RCCEx_PeriphCLKConfig)
    __arm_cp.0_4                             0x08000c10   Number         4  stm32f3xx_hal_rcc_ex.o(.text.HAL_RCCEx_PeriphCLKConfig)
    __arm_cp.0_5                             0x08000c14   Number         4  stm32f3xx_hal_rcc_ex.o(.text.HAL_RCCEx_PeriphCLKConfig)
    [Anonymous Symbol]                       0x08000c18   Section        0  stm32f3xx_hal_rcc.o(.text.HAL_RCC_ClockConfig)
    __arm_cp.2_0                             0x08000df8   Number         4  stm32f3xx_hal_rcc.o(.text.HAL_RCC_ClockConfig)
    __arm_cp.2_1                             0x08000dfc   Number         4  stm32f3xx_hal_rcc.o(.text.HAL_RCC_ClockConfig)
    __arm_cp.2_2                             0x08000e00   Number         4  stm32f3xx_hal_rcc.o(.text.HAL_RCC_ClockConfig)
    __arm_cp.2_4                             0x08000e04   Number         4  stm32f3xx_hal_rcc.o(.text.HAL_RCC_ClockConfig)
    [Anonymous Symbol]                       0x08000e08   Section        0  stm32f3xx_hal_rcc.o(.text.HAL_RCC_GetPCLK1Freq)
    __arm_cp.8_0                             0x08000e1c   Number         4  stm32f3xx_hal_rcc.o(.text.HAL_RCC_GetPCLK1Freq)
    __arm_cp.8_2                             0x08000e20   Number         4  stm32f3xx_hal_rcc.o(.text.HAL_RCC_GetPCLK1Freq)
    [Anonymous Symbol]                       0x08000e24   Section        0  stm32f3xx_hal_rcc.o(.text.HAL_RCC_GetSysClockFreq)
    __arm_cp.3_1                             0x08000e5c   Number         4  stm32f3xx_hal_rcc.o(.text.HAL_RCC_GetSysClockFreq)
    __arm_cp.3_2                             0x08000e60   Number         4  stm32f3xx_hal_rcc.o(.text.HAL_RCC_GetSysClockFreq)
    __arm_cp.3_3                             0x08000e64   Number         4  stm32f3xx_hal_rcc.o(.text.HAL_RCC_GetSysClockFreq)
    __arm_cp.3_4                             0x08000e68   Number         4  stm32f3xx_hal_rcc.o(.text.HAL_RCC_GetSysClockFreq)
    [Anonymous Symbol]                       0x08000e6c   Section        0  stm32f3xx_hal_rcc.o(.text.HAL_RCC_OscConfig)
    __arm_cp.1_5                             0x080011bc   Number         4  stm32f3xx_hal_rcc.o(.text.HAL_RCC_OscConfig)
    __arm_cp.1_6                             0x080011c0   Number         4  stm32f3xx_hal_rcc.o(.text.HAL_RCC_OscConfig)
    __arm_cp.1_0                             0x08001274   Number         4  stm32f3xx_hal_rcc.o(.text.HAL_RCC_OscConfig)
    __arm_cp.1_3                             0x08001278   Number         4  stm32f3xx_hal_rcc.o(.text.HAL_RCC_OscConfig)
    __arm_cp.1_4                             0x0800127c   Number         4  stm32f3xx_hal_rcc.o(.text.HAL_RCC_OscConfig)
    [Anonymous Symbol]                       0x08001280   Section        0  stm32f3xx_hal_cortex.o(.text.HAL_SYSTICK_Config)
    __arm_cp.6_0                             0x080012a0   Number         4  stm32f3xx_hal_cortex.o(.text.HAL_SYSTICK_Config)
    __arm_cp.6_1                             0x080012a4   Number         4  stm32f3xx_hal_cortex.o(.text.HAL_SYSTICK_Config)
    [Anonymous Symbol]                       0x080012a8   Section        0  stm32f3xx_hal_uart.o(.text.HAL_UARTEx_RxEventCallback)
    [Anonymous Symbol]                       0x080012aa   Section        0  stm32f3xx_hal_uart_ex.o(.text.HAL_UARTEx_WakeupCallback)
    [Anonymous Symbol]                       0x080012ac   Section        0  stm32f3xx_hal_uart.o(.text.HAL_UART_ErrorCallback)
    [Anonymous Symbol]                       0x080012b0   Section        0  stm32f3xx_hal_uart.o(.text.HAL_UART_IRQHandler)
    __arm_cp.41_0                            0x080014ec   Number         4  stm32f3xx_hal_uart.o(.text.HAL_UART_IRQHandler)
    __arm_cp.41_1                            0x080014f0   Number         4  stm32f3xx_hal_uart.o(.text.HAL_UART_IRQHandler)
    [Anonymous Symbol]                       0x080014f4   Section        0  stm32f3xx_hal_uart.o(.text.HAL_UART_Init)
    __arm_cp.0_0                             0x08001590   Number         4  stm32f3xx_hal_uart.o(.text.HAL_UART_Init)
    __arm_cp.0_1                             0x08001594   Number         4  stm32f3xx_hal_uart.o(.text.HAL_UART_Init)
    __arm_cp.0_3                             0x08001598   Number         4  stm32f3xx_hal_uart.o(.text.HAL_UART_Init)
    [Anonymous Symbol]                       0x0800159c   Section        0  stm32f3xx_hal_msp.o(.text.HAL_UART_MspInit)
    __arm_cp.1_1                             0x08001668   Number         4  stm32f3xx_hal_msp.o(.text.HAL_UART_MspInit)
    __arm_cp.1_3                             0x0800166c   Number         4  stm32f3xx_hal_msp.o(.text.HAL_UART_MspInit)
    __arm_cp.1_4                             0x08001670   Number         4  stm32f3xx_hal_msp.o(.text.HAL_UART_MspInit)
    __arm_cp.1_5                             0x08001674   Number         4  stm32f3xx_hal_msp.o(.text.HAL_UART_MspInit)
    [Anonymous Symbol]                       0x08001678   Section        0  stm32f3xx_hal_uart.o(.text.HAL_UART_TxCpltCallback)
    [Anonymous Symbol]                       0x0800167a   Section        0  stm32f3xx_it.o(.text.HardFault_Handler)
    [Anonymous Symbol]                       0x0800167c   Section        0  stm32f3xx_it.o(.text.MemManage_Handler)
    [Anonymous Symbol]                       0x0800167e   Section        0  stm32f3xx_it.o(.text.NMI_Handler)
    [Anonymous Symbol]                       0x08001680   Section        0  stm32f3xx_it.o(.text.PendSV_Handler)
    [Anonymous Symbol]                       0x08001682   Section        0  stm32f3xx_it.o(.text.SVC_Handler)
    [Anonymous Symbol]                       0x08001684   Section        0  drv_uart.o(.text.SetToSendMode)
    __arm_cp.2_0                             0x080016dc   Number         4  drv_uart.o(.text.SetToSendMode)
    __arm_cp.2_1                             0x080016e0   Number         4  drv_uart.o(.text.SetToSendMode)
    __arm_cp.2_2                             0x080016e4   Number         4  drv_uart.o(.text.SetToSendMode)
    [Anonymous Symbol]                       0x080016e8   Section        0  stm32f3xx_it.o(.text.SysTick_Handler)
    [Anonymous Symbol]                       0x080016ec   Section        0  main.o(.text.SystemClock_Config)
    [Anonymous Symbol]                       0x08001778   Section        0  system_stm32f3xx.o(.text.SystemInit)
    __arm_cp.0_0                             0x08001784   Number         4  system_stm32f3xx.o(.text.SystemInit)
    [Anonymous Symbol]                       0x08001788   Section        0  stm32f3xx_hal_uart.o(.text.UART_AdvFeatureConfig)
    __arm_cp.3_0                             0x08001934   Number         4  stm32f3xx_hal_uart.o(.text.UART_AdvFeatureConfig)
    __arm_cp.3_1                             0x08001938   Number         4  stm32f3xx_hal_uart.o(.text.UART_AdvFeatureConfig)
    [Anonymous Symbol]                       0x0800193c   Section        0  stm32f3xx_hal_uart.o(.text.UART_CheckIdleState)
    __arm_cp.4_0                             0x0800199c   Number         4  stm32f3xx_hal_uart.o(.text.UART_CheckIdleState)
    [Anonymous Symbol]                       0x080019a0   Section        0  stm32f3xx_hal_uart.o(.text.UART_DMAAbortOnError)
    UART_DMAAbortOnError                     0x080019a1   Thumb Code    16  stm32f3xx_hal_uart.o(.text.UART_DMAAbortOnError)
    [Anonymous Symbol]                       0x080019b0   Section        0  stm32f3xx_hal_uart.o(.text.UART_EndRxTransfer)
    UART_EndRxTransfer                       0x080019b1   Thumb Code    44  stm32f3xx_hal_uart.o(.text.UART_EndRxTransfer)
    [Anonymous Symbol]                       0x080019dc   Section        0  stm32f3xx_hal_uart.o(.text.UART_SetConfig)
    __arm_cp.2_0                             0x08001b90   Number         4  stm32f3xx_hal_uart.o(.text.UART_SetConfig)
    __arm_cp.2_1                             0x08001b94   Number         4  stm32f3xx_hal_uart.o(.text.UART_SetConfig)
    __arm_cp.2_2                             0x08001b98   Number         4  stm32f3xx_hal_uart.o(.text.UART_SetConfig)
    __arm_cp.2_3                             0x08001b9c   Number         4  stm32f3xx_hal_uart.o(.text.UART_SetConfig)
    __arm_cp.2_4                             0x08001ba0   Number         4  stm32f3xx_hal_uart.o(.text.UART_SetConfig)
    __arm_cp.2_5                             0x08001ba4   Number         4  stm32f3xx_hal_uart.o(.text.UART_SetConfig)
    __arm_cp.2_6                             0x08001ba8   Number         4  stm32f3xx_hal_uart.o(.text.UART_SetConfig)
    __arm_cp.2_7                             0x08001bac   Number         4  stm32f3xx_hal_uart.o(.text.UART_SetConfig)
    __arm_cp.2_8                             0x08001bb0   Number         4  stm32f3xx_hal_uart.o(.text.UART_SetConfig)
    [Anonymous Symbol]                       0x08001bb4   Section        0  stm32f3xx_hal_uart.o(.text.UART_WaitOnFlagUntilTimeout)
    [Anonymous Symbol]                       0x08001c4c   Section        0  stm32f3xx_it.o(.text.USART1_IRQHandler)
    __arm_cp.11_0                            0x08001c68   Number         4  stm32f3xx_it.o(.text.USART1_IRQHandler)
    [Anonymous Symbol]                       0x08001c6c   Section        0  stm32f3xx_it.o(.text.UsageFault_Handler)
    [Anonymous Symbol]                       0x08001c70   Section        0  main.o(.text.assert_failed)
    [Anonymous Symbol]                       0x08001cbc   Section        0  main.o(.text.fputc)
    __arm_cp.0_0                             0x08001ce8   Number         4  main.o(.text.fputc)
    [Anonymous Symbol]                       0x08001cec   Section        0  mem_allocator.o(.text.initPoolAllocator)
    [Anonymous Symbol]                       0x08001d14   Section        0  main.o(.text.main)
    __arm_cp.1_0                             0x08001eac   Number         4  main.o(.text.main)
    __arm_cp.1_1                             0x08001eb0   Number         4  main.o(.text.main)
    __arm_cp.1_2                             0x08001eb4   Number         4  main.o(.text.main)
    __arm_cp.1_3                             0x08001eb8   Number         4  main.o(.text.main)
    __arm_cp.1_4                             0x08001ebc   Number         4  main.o(.text.main)
    __arm_cp.1_5                             0x08001ec0   Number         4  main.o(.text.main)
    __arm_cp.1_6                             0x08001ec4   Number         4  main.o(.text.main)
    __arm_cp.1_7                             0x08001ec8   Number         4  main.o(.text.main)
    i.__0printf$3                            0x08001edc   Section        0  printf3.o(i.__0printf$3)
    i.__scatterload_copy                     0x08001efc   Section       14  handlers.o(i.__scatterload_copy)
    i.__scatterload_null                     0x08001f0a   Section        2  handlers.o(i.__scatterload_null)
    i.__scatterload_zeroinit                 0x08001f0c   Section       14  handlers.o(i.__scatterload_zeroinit)
    i._printf_core                           0x08001f1c   Section        0  printf3.o(i._printf_core)
    _printf_core                             0x08001f1d   Thumb Code   436  printf3.o(i._printf_core)
    [Anonymous Symbol]                       0x0800210c   Section        0  stm32f3xx_hal_uart.o(.rodata.str1.1)
    .L.str                                   0x0800210c   Data          57  stm32f3xx_hal_uart.o(.rodata.str1.1)
    [Anonymous Symbol]                       0x08002145   Section        0  stm32f3xx_hal_rcc.o(.rodata.str1.1)
    .L.str                                   0x08002145   Data          56  stm32f3xx_hal_rcc.o(.rodata.str1.1)
    [Anonymous Symbol]                       0x0800217d   Section        0  stm32f3xx_hal_rcc_ex.o(.rodata.str1.1)
    .L.str                                   0x0800217d   Data          59  stm32f3xx_hal_rcc_ex.o(.rodata.str1.1)
    [Anonymous Symbol]                       0x080021b8   Section        0  stm32f3xx_hal_gpio.o(.rodata.str1.1)
    .L.str                                   0x080021b8   Data          57  stm32f3xx_hal_gpio.o(.rodata.str1.1)
    [Anonymous Symbol]                       0x080021f1   Section        0  stm32f3xx_hal_dma.o(.rodata.str1.1)
    .L.str                                   0x080021f1   Data          56  stm32f3xx_hal_dma.o(.rodata.str1.1)
    [Anonymous Symbol]                       0x08002229   Section        0  stm32f3xx_hal_cortex.o(.rodata.str1.1)
    .L.str                                   0x08002229   Data          59  stm32f3xx_hal_cortex.o(.rodata.str1.1)
    .data                                    0x20000000   Section        4  stdout.o(.data)
    [Anonymous Symbol]                       0x20000004   Section        0  stm32f3xx_hal.o(.data..L_MergedGlobals)
    STACK                                    0x20000538   Section     1024  startup_stm32f302x8.o(STACK)

    Global Symbols

    Symbol Name                              Value     Ov Type        Size  Object(Section)

    BuildAttributes$$THM_ISAv4$E$P$D$K$B$S$7EM$VFPi3$EXTD16$VFPS$VFMA$PE$A:L22UL41UL21$X:L11$S22US41US21$IEEE1$IW$~IW$USESV6$~STKCKD$USESV7$WCHAR32$ENUMINT$~SHL$OSPACE$ROPI$EBA8$MICROLIB$REQ8$PRES8$EABIv2 0x00000000   Number         0  anon$$obj.o ABSOLUTE
    _printf_a                                0x00000000   Number         0  stubs.o ABSOLUTE
    _printf_c                                0x00000000   Number         0  stubs.o ABSOLUTE
    _printf_charcount                        0x00000000   Number         0  stubs.o ABSOLUTE
    _printf_d                                0x00000000   Number         0  stubs.o ABSOLUTE
    _printf_e                                0x00000000   Number         0  stubs.o ABSOLUTE
    _printf_f                                0x00000000   Number         0  stubs.o ABSOLUTE
    _printf_flags                            0x00000000   Number         0  stubs.o ABSOLUTE
    _printf_fp_dec                           0x00000000   Number         0  stubs.o ABSOLUTE
    _printf_fp_hex                           0x00000000   Number         0  stubs.o ABSOLUTE
    _printf_g                                0x00000000   Number         0  stubs.o ABSOLUTE
    _printf_i                                0x00000000   Number         0  stubs.o ABSOLUTE
    _printf_int_dec                          0x00000000   Number         0  stubs.o ABSOLUTE
    _printf_l                                0x00000000   Number         0  stubs.o ABSOLUTE
    _printf_lc                               0x00000000   Number         0  stubs.o ABSOLUTE
    _printf_ll                               0x00000000   Number         0  stubs.o ABSOLUTE
    _printf_lld                              0x00000000   Number         0  stubs.o ABSOLUTE
    _printf_lli                              0x00000000   Number         0  stubs.o ABSOLUTE
    _printf_llo                              0x00000000   Number         0  stubs.o ABSOLUTE
    _printf_llu                              0x00000000   Number         0  stubs.o ABSOLUTE
    _printf_llx                              0x00000000   Number         0  stubs.o ABSOLUTE
    _printf_longlong_dec                     0x00000000   Number         0  stubs.o ABSOLUTE
    _printf_longlong_hex                     0x00000000   Number         0  stubs.o ABSOLUTE
    _printf_longlong_oct                     0x00000000   Number         0  stubs.o ABSOLUTE
    _printf_ls                               0x00000000   Number         0  stubs.o ABSOLUTE
    _printf_mbtowc                           0x00000000   Number         0  stubs.o ABSOLUTE
    _printf_n                                0x00000000   Number         0  stubs.o ABSOLUTE
    _printf_o                                0x00000000   Number         0  stubs.o ABSOLUTE
    _printf_p                                0x00000000   Number         0  stubs.o ABSOLUTE
    _printf_percent                          0x00000000   Number         0  stubs.o ABSOLUTE
    _printf_pre_padding                      0x00000000   Number         0  stubs.o ABSOLUTE
    _printf_return_value                     0x00000000   Number         0  stubs.o ABSOLUTE
    _printf_s                                0x00000000   Number         0  stubs.o ABSOLUTE
    _printf_sizespec                         0x00000000   Number         0  stubs.o ABSOLUTE
    _printf_str                              0x00000000   Number         0  stubs.o ABSOLUTE
    _printf_truncate_signed                  0x00000000   Number         0  stubs.o ABSOLUTE
    _printf_truncate_unsigned                0x00000000   Number         0  stubs.o ABSOLUTE
    _printf_u                                0x00000000   Number         0  stubs.o ABSOLUTE
    _printf_wc                               0x00000000   Number         0  stubs.o ABSOLUTE
    _printf_wctomb                           0x00000000   Number         0  stubs.o ABSOLUTE
    _printf_widthprec                        0x00000000   Number         0  stubs.o ABSOLUTE
    _printf_x                                0x00000000   Number         0  stubs.o ABSOLUTE
    __cpp_initialize__aeabi_                  - Undefined Weak Reference
    __cxa_finalize                            - Undefined Weak Reference
    __decompress                              - Undefined Weak Reference
    _clock_init                               - Undefined Weak Reference
    _microlib_exit                            - Undefined Weak Reference
    __Vectors_Size                           0x00000188   Number         0  startup_stm32f302x8.o ABSOLUTE
    __Vectors                                0x08000000   Data           4  startup_stm32f302x8.o(RESET)
    __Vectors_End                            0x08000188   Data           0  startup_stm32f302x8.o(RESET)
    __main                                   0x08000189   Thumb Code     0  entry.o(.ARM.Collect$$$$00000000)
    _main_stk                                0x08000189   Thumb Code     0  entry2.o(.ARM.Collect$$$$00000001)
    _main_scatterload                        0x0800018d   Thumb Code     0  entry5.o(.ARM.Collect$$$$00000004)
    __main_after_scatterload                 0x08000191   Thumb Code     0  entry5.o(.ARM.Collect$$$$00000004)
    _main_clock                              0x08000191   Thumb Code     0  entry7b.o(.ARM.Collect$$$$00000008)
    _main_cpp_init                           0x08000191   Thumb Code     0  entry8b.o(.ARM.Collect$$$$0000000A)
    _main_init                               0x08000191   Thumb Code     0  entry9a.o(.ARM.Collect$$$$0000000B)
    __rt_final_cpp                           0x08000199   Thumb Code     0  entry10a.o(.ARM.Collect$$$$0000000D)
    __rt_final_exit                          0x08000199   Thumb Code     0  entry11a.o(.ARM.Collect$$$$0000000F)
    Reset_Handler                            0x0800019d   Thumb Code     8  startup_stm32f302x8.o(.text)
    ADC1_IRQHandler                          0x080001b7   Thumb Code     0  startup_stm32f302x8.o(.text)
    CAN_RX1_IRQHandler                       0x080001b7   Thumb Code     0  startup_stm32f302x8.o(.text)
    CAN_SCE_IRQHandler                       0x080001b7   Thumb Code     0  startup_stm32f302x8.o(.text)
    COMP2_IRQHandler                         0x080001b7   Thumb Code     0  startup_stm32f302x8.o(.text)
    COMP4_6_IRQHandler                       0x080001b7   Thumb Code     0  startup_stm32f302x8.o(.text)
    DMA1_Channel1_IRQHandler                 0x080001b7   Thumb Code     0  startup_stm32f302x8.o(.text)
    DMA1_Channel2_IRQHandler                 0x080001b7   Thumb Code     0  startup_stm32f302x8.o(.text)
    DMA1_Channel3_IRQHandler                 0x080001b7   Thumb Code     0  startup_stm32f302x8.o(.text)
    DMA1_Channel6_IRQHandler                 0x080001b7   Thumb Code     0  startup_stm32f302x8.o(.text)
    DMA1_Channel7_IRQHandler                 0x080001b7   Thumb Code     0  startup_stm32f302x8.o(.text)
    EXTI0_IRQHandler                         0x080001b7   Thumb Code     0  startup_stm32f302x8.o(.text)
    EXTI15_10_IRQHandler                     0x080001b7   Thumb Code     0  startup_stm32f302x8.o(.text)
    EXTI1_IRQHandler                         0x080001b7   Thumb Code     0  startup_stm32f302x8.o(.text)
    EXTI2_TSC_IRQHandler                     0x080001b7   Thumb Code     0  startup_stm32f302x8.o(.text)
    EXTI3_IRQHandler                         0x080001b7   Thumb Code     0  startup_stm32f302x8.o(.text)
    EXTI4_IRQHandler                         0x080001b7   Thumb Code     0  startup_stm32f302x8.o(.text)
    EXTI9_5_IRQHandler                       0x080001b7   Thumb Code     0  startup_stm32f302x8.o(.text)
    FLASH_IRQHandler                         0x080001b7   Thumb Code     0  startup_stm32f302x8.o(.text)
    FPU_IRQHandler                           0x080001b7   Thumb Code     0  startup_stm32f302x8.o(.text)
    I2C1_ER_IRQHandler                       0x080001b7   Thumb Code     0  startup_stm32f302x8.o(.text)
    I2C1_EV_IRQHandler                       0x080001b7   Thumb Code     0  startup_stm32f302x8.o(.text)
    I2C2_ER_IRQHandler                       0x080001b7   Thumb Code     0  startup_stm32f302x8.o(.text)
    I2C2_EV_IRQHandler                       0x080001b7   Thumb Code     0  startup_stm32f302x8.o(.text)
    I2C3_ER_IRQHandler                       0x080001b7   Thumb Code     0  startup_stm32f302x8.o(.text)
    I2C3_EV_IRQHandler                       0x080001b7   Thumb Code     0  startup_stm32f302x8.o(.text)
    PVD_IRQHandler                           0x080001b7   Thumb Code     0  startup_stm32f302x8.o(.text)
    RCC_IRQHandler                           0x080001b7   Thumb Code     0  startup_stm32f302x8.o(.text)
    RTC_Alarm_IRQHandler                     0x080001b7   Thumb Code     0  startup_stm32f302x8.o(.text)
    RTC_WKUP_IRQHandler                      0x080001b7   Thumb Code     0  startup_stm32f302x8.o(.text)
    SPI2_IRQHandler                          0x080001b7   Thumb Code     0  startup_stm32f302x8.o(.text)
    SPI3_IRQHandler                          0x080001b7   Thumb Code     0  startup_stm32f302x8.o(.text)
    TAMP_STAMP_IRQHandler                    0x080001b7   Thumb Code     0  startup_stm32f302x8.o(.text)
    TIM1_BRK_TIM15_IRQHandler                0x080001b7   Thumb Code     0  startup_stm32f302x8.o(.text)
    TIM1_CC_IRQHandler                       0x080001b7   Thumb Code     0  startup_stm32f302x8.o(.text)
    TIM1_TRG_COM_TIM17_IRQHandler            0x080001b7   Thumb Code     0  startup_stm32f302x8.o(.text)
    TIM1_UP_TIM16_IRQHandler                 0x080001b7   Thumb Code     0  startup_stm32f302x8.o(.text)
    TIM2_IRQHandler                          0x080001b7   Thumb Code     0  startup_stm32f302x8.o(.text)
    TIM6_DAC_IRQHandler                      0x080001b7   Thumb Code     0  startup_stm32f302x8.o(.text)
    USART2_IRQHandler                        0x080001b7   Thumb Code     0  startup_stm32f302x8.o(.text)
    USART3_IRQHandler                        0x080001b7   Thumb Code     0  startup_stm32f302x8.o(.text)
    USBWakeUp_IRQHandler                     0x080001b7   Thumb Code     0  startup_stm32f302x8.o(.text)
    USBWakeUp_RMP_IRQHandler                 0x080001b7   Thumb Code     0  startup_stm32f302x8.o(.text)
    USB_HP_CAN_TX_IRQHandler                 0x080001b7   Thumb Code     0  startup_stm32f302x8.o(.text)
    USB_HP_IRQHandler                        0x080001b7   Thumb Code     0  startup_stm32f302x8.o(.text)
    USB_LP_CAN_RX0_IRQHandler                0x080001b7   Thumb Code     0  startup_stm32f302x8.o(.text)
    USB_LP_IRQHandler                        0x080001b7   Thumb Code     0  startup_stm32f302x8.o(.text)
    WWDG_IRQHandler                          0x080001b7   Thumb Code     0  startup_stm32f302x8.o(.text)
    __aeabi_memset                           0x080001c1   Thumb Code    14  memseta.o(.text)
    __aeabi_memset4                          0x080001c1   Thumb Code     0  memseta.o(.text)
    __aeabi_memset8                          0x080001c1   Thumb Code     0  memseta.o(.text)
    __aeabi_memclr                           0x080001cf   Thumb Code     4  memseta.o(.text)
    __aeabi_memclr4                          0x080001cf   Thumb Code     0  memseta.o(.text)
    __aeabi_memclr8                          0x080001cf   Thumb Code     0  memseta.o(.text)
    _memset$wrapper                          0x080001d3   Thumb Code    18  memseta.o(.text)
    __aeabi_uidiv                            0x080001e5   Thumb Code     0  uidiv.o(.text)
    __aeabi_uidivmod                         0x080001e5   Thumb Code    44  uidiv.o(.text)
    __scatterload                            0x08000211   Thumb Code    28  init.o(.text)
    __scatterload_rt2                        0x08000211   Thumb Code     0  init.o(.text)
    BusFault_Handler                         0x08000235   Thumb Code     2  stm32f3xx_it.o(.text.BusFault_Handler)
    DMA1_Channel4_IRQHandler                 0x08000239   Thumb Code    12  stm32f3xx_it.o(.text.DMA1_Channel4_IRQHandler)
    DMA1_Channel5_IRQHandler                 0x08000245   Thumb Code    12  stm32f3xx_it.o(.text.DMA1_Channel5_IRQHandler)
    DebugMon_Handler                         0x08000251   Thumb Code     2  stm32f3xx_it.o(.text.DebugMon_Handler)
    Error_Handler                            0x08000253   Thumb Code     8  main.o(.text.Error_Handler)
    HAL_DMA_Abort                            0x0800025b   Thumb Code    56  stm32f3xx_hal_dma.o(.text.HAL_DMA_Abort)
    HAL_DMA_Abort_IT                         0x08000293   Thumb Code    68  stm32f3xx_hal_dma.o(.text.HAL_DMA_Abort_IT)
    HAL_DMA_IRQHandler                       0x080002d7   Thumb Code   158  stm32f3xx_hal_dma.o(.text.HAL_DMA_IRQHandler)
    HAL_DMA_Init                             0x08000375   Thumb Code   336  stm32f3xx_hal_dma.o(.text.HAL_DMA_Init)
    HAL_Delay                                0x080004c5   Thumb Code    36  stm32f3xx_hal.o(.text.HAL_Delay)
    HAL_GPIO_Init                            0x080004e5   Thumb Code   680  stm32f3xx_hal_gpio.o(.text.HAL_GPIO_Init)
    HAL_GPIO_TogglePin                       0x08000785   Thumb Code    40  stm32f3xx_hal_gpio.o(.text.HAL_GPIO_TogglePin)
    HAL_GPIO_WritePin                        0x080007a9   Thumb Code    56  stm32f3xx_hal_gpio.o(.text.HAL_GPIO_WritePin)
    HAL_GetTick                              0x080007e1   Thumb Code    12  stm32f3xx_hal.o(.text.HAL_GetTick)
    HAL_IncTick                              0x080007e9   Thumb Code    16  stm32f3xx_hal.o(.text.HAL_IncTick)
    HAL_Init                                 0x080007f5   Thumb Code    36  stm32f3xx_hal.o(.text.HAL_Init)
    HAL_InitTick                             0x08000819   Thumb Code    64  stm32f3xx_hal.o(.text.HAL_InitTick)
    HAL_MspInit                              0x08000859   Thumb Code    52  stm32f3xx_hal_msp.o(.text.HAL_MspInit)
    HAL_NVIC_EnableIRQ                       0x0800088d   Thumb Code    44  stm32f3xx_hal_cortex.o(.text.HAL_NVIC_EnableIRQ)
    HAL_NVIC_SetPriority                     0x080008b5   Thumb Code   124  stm32f3xx_hal_cortex.o(.text.HAL_NVIC_SetPriority)
    HAL_NVIC_SetPriorityGrouping             0x08000929   Thumb Code    52  stm32f3xx_hal_cortex.o(.text.HAL_NVIC_SetPriorityGrouping)
    HAL_RCCEx_PeriphCLKConfig                0x0800095d   Thumb Code   700  stm32f3xx_hal_rcc_ex.o(.text.HAL_RCCEx_PeriphCLKConfig)
    HAL_RCC_ClockConfig                      0x08000c19   Thumb Code   500  stm32f3xx_hal_rcc.o(.text.HAL_RCC_ClockConfig)
    HAL_RCC_GetPCLK1Freq                     0x08000e09   Thumb Code    32  stm32f3xx_hal_rcc.o(.text.HAL_RCC_GetPCLK1Freq)
    HAL_RCC_GetSysClockFreq                  0x08000e25   Thumb Code    76  stm32f3xx_hal_rcc.o(.text.HAL_RCC_GetSysClockFreq)
    HAL_RCC_OscConfig                        0x08000e6d   Thumb Code  1044  stm32f3xx_hal_rcc.o(.text.HAL_RCC_OscConfig)
    HAL_SYSTICK_Config                       0x08001281   Thumb Code    40  stm32f3xx_hal_cortex.o(.text.HAL_SYSTICK_Config)
    HAL_UARTEx_RxEventCallback               0x080012a9   Thumb Code     2  stm32f3xx_hal_uart.o(.text.HAL_UARTEx_RxEventCallback)
    HAL_UARTEx_WakeupCallback                0x080012ab   Thumb Code     2  stm32f3xx_hal_uart_ex.o(.text.HAL_UARTEx_WakeupCallback)
    HAL_UART_ErrorCallback                   0x080012ad   Thumb Code     2  stm32f3xx_hal_uart.o(.text.HAL_UART_ErrorCallback)
    HAL_UART_IRQHandler                      0x080012b1   Thumb Code   580  stm32f3xx_hal_uart.o(.text.HAL_UART_IRQHandler)
    HAL_UART_Init                            0x080014f5   Thumb Code   172  stm32f3xx_hal_uart.o(.text.HAL_UART_Init)
    HAL_UART_MspInit                         0x0800159d   Thumb Code   228  stm32f3xx_hal_msp.o(.text.HAL_UART_MspInit)
    HAL_UART_TxCpltCallback                  0x08001679   Thumb Code     2  stm32f3xx_hal_uart.o(.text.HAL_UART_TxCpltCallback)
    HardFault_Handler                        0x0800167b   Thumb Code     2  stm32f3xx_it.o(.text.HardFault_Handler)
    MemManage_Handler                        0x0800167d   Thumb Code     2  stm32f3xx_it.o(.text.MemManage_Handler)
    NMI_Handler                              0x0800167f   Thumb Code     2  stm32f3xx_it.o(.text.NMI_Handler)
    PendSV_Handler                           0x08001681   Thumb Code     2  stm32f3xx_it.o(.text.PendSV_Handler)
    SVC_Handler                              0x08001683   Thumb Code     2  stm32f3xx_it.o(.text.SVC_Handler)
    SetToSendMode                            0x08001685   Thumb Code   100  drv_uart.o(.text.SetToSendMode)
    SysTick_Handler                          0x080016e9   Thumb Code     4  stm32f3xx_it.o(.text.SysTick_Handler)
    SystemClock_Config                       0x080016ed   Thumb Code   138  main.o(.text.SystemClock_Config)
    SystemInit                               0x08001779   Thumb Code    16  system_stm32f3xx.o(.text.SystemInit)
    UART_AdvFeatureConfig                    0x08001789   Thumb Code   436  stm32f3xx_hal_uart.o(.text.UART_AdvFeatureConfig)
    UART_CheckIdleState                      0x0800193d   Thumb Code   100  stm32f3xx_hal_uart.o(.text.UART_CheckIdleState)
    UART_SetConfig                           0x080019dd   Thumb Code   472  stm32f3xx_hal_uart.o(.text.UART_SetConfig)
    UART_WaitOnFlagUntilTimeout              0x08001bb5   Thumb Code   152  stm32f3xx_hal_uart.o(.text.UART_WaitOnFlagUntilTimeout)
    USART1_IRQHandler                        0x08001c4d   Thumb Code    36  stm32f3xx_it.o(.text.USART1_IRQHandler)
    UsageFault_Handler                       0x08001c6d   Thumb Code     2  stm32f3xx_it.o(.text.UsageFault_Handler)
    assert_failed                            0x08001c71   Thumb Code    76  main.o(.text.assert_failed)
    fputc                                    0x08001cbd   Thumb Code    48  main.o(.text.fputc)
    initPoolAllocator                        0x08001ced   Thumb Code    38  mem_allocator.o(.text.initPoolAllocator)
    main                                     0x08001d15   Thumb Code   456  main.o(.text.main)
    __0printf$3                              0x08001edd   Thumb Code    22  printf3.o(i.__0printf$3)
    __1printf$3                              0x08001edd   Thumb Code     0  printf3.o(i.__0printf$3)
    __2printf                                0x08001edd   Thumb Code     0  printf3.o(i.__0printf$3)
    __scatterload_copy                       0x08001efd   Thumb Code    14  handlers.o(i.__scatterload_copy)
    __scatterload_null                       0x08001f0b   Thumb Code     2  handlers.o(i.__scatterload_null)
    __scatterload_zeroinit                   0x08001f0d   Thumb Code    14  handlers.o(i.__scatterload_zeroinit)
    AHBPrescTable                            0x080020d4   Data          16  system_stm32f3xx.o(.rodata.AHBPrescTable)
    APBPrescTable                            0x080020e4   Data           8  system_stm32f3xx.o(.rodata.APBPrescTable)
    aPLLMULFactorTable                       0x080020ec   Data          16  stm32f3xx_hal_rcc.o(.rodata.aPLLMULFactorTable)
    aPredivFactorTable                       0x080020fc   Data          16  stm32f3xx_hal_rcc.o(.rodata.aPredivFactorTable)
    Region$$Table$$Base                      0x08002264   Number         0  anon$$obj.o(Region$$Table)
    Region$$Table$$Limit                     0x08002284   Number         0  anon$$obj.o(Region$$Table)
    __stdout                                 0x20000000   Data           4  stdout.o(.data)
    uwTickPrio                               0x20000004   Data           4  stm32f3xx_hal.o(.data..L_MergedGlobals)
    uwTickFreq                               0x20000008   Data           4  stm32f3xx_hal.o(.data..L_MergedGlobals)
    uwTick                                   0x2000000c   Data           4  stm32f3xx_hal.o(.data..L_MergedGlobals)
    SystemCoreClock                          0x20000010   Data           4  system_stm32f3xx.o(.data.SystemCoreClock)
    hdma_usart1_rx                           0x20000018   Data          72  main.o(.bss.hdma_usart1_rx)
    hdma_usart1_tx                           0x20000060   Data          72  main.o(.bss.hdma_usart1_tx)
    huart1                                   0x200000a8   Data         132  main.o(.bss.huart1)
    instance                                 0x2000012c   Data          12  mem_allocator.o(.bss.instance)
    memory_pool                              0x20000138   Data        1024  mem_allocator.o(.bss.memory_pool)
    __initial_sp                             0x20000938   Data           0  startup_stm32f302x8.o(STACK)



==============================================================================

Memory Map of the image

  Image Entry point : 0x08000189

  Load Region LR_IROM1 (Base: 0x08000000, Size: 0x000022a0, Max: 0x00010000, ABSOLUTE)

    Execution Region ER_IROM1 (Exec base: 0x08000000, Load base: 0x08000000, Size: 0x00002284, Max: 0x00010000, ABSOLUTE)

    Exec Addr    Load Addr    Size         Type   Attr      Idx    E Section Name        Object

    0x08000000   0x08000000   0x00000188   Data   RO            3    RESET               startup_stm32f302x8.o
    0x08000188   0x08000188   0x00000000   Code   RO          902  * .ARM.Collect$$$$00000000  mc_w.l(entry.o)
    0x08000188   0x08000188   0x00000004   Code   RO         1168    .ARM.Collect$$$$00000001  mc_w.l(entry2.o)
    0x0800018c   0x0800018c   0x00000004   Code   RO         1171    .ARM.Collect$$$$00000004  mc_w.l(entry5.o)
    0x08000190   0x08000190   0x00000000   Code   RO         1173    .ARM.Collect$$$$00000008  mc_w.l(entry7b.o)
    0x08000190   0x08000190   0x00000000   Code   RO         1175    .ARM.Collect$$$$0000000A  mc_w.l(entry8b.o)
    0x08000190   0x08000190   0x00000008   Code   RO         1176    .ARM.Collect$$$$0000000B  mc_w.l(entry9a.o)
    0x08000198   0x08000198   0x00000000   Code   RO         1178    .ARM.Collect$$$$0000000D  mc_w.l(entry10a.o)
    0x08000198   0x08000198   0x00000000   Code   RO         1180    .ARM.Collect$$$$0000000F  mc_w.l(entry11a.o)
    0x08000198   0x08000198   0x00000004   Code   RO         1169    .ARM.Collect$$$$00002712  mc_w.l(entry2.o)
    0x0800019c   0x0800019c   0x00000024   Code   RO            4    .text               startup_stm32f302x8.o
    0x080001c0   0x080001c0   0x00000024   Code   RO          905    .text               mc_w.l(memseta.o)
    0x080001e4   0x080001e4   0x0000002c   Code   RO         1183    .text               mc_w.l(uidiv.o)
    0x08000210   0x08000210   0x00000024   Code   RO         1198    .text               mc_w.l(init.o)
    0x08000234   0x08000234   0x00000002   Code   RO           42    .text.BusFault_Handler  stm32f3xx_it.o
    0x08000236   0x08000236   0x00000002   PAD
    0x08000238   0x08000238   0x0000000c   Code   RO           54    .text.DMA1_Channel4_IRQHandler  stm32f3xx_it.o
    0x08000244   0x08000244   0x0000000c   Code   RO           56    .text.DMA1_Channel5_IRQHandler  stm32f3xx_it.o
    0x08000250   0x08000250   0x00000002   Code   RO           48    .text.DebugMon_Handler  stm32f3xx_it.o
    0x08000252   0x08000252   0x00000008   Code   RO           17    .text.Error_Handler  main.o
    0x0800025a   0x0800025a   0x00000038   Code   RO          462    .text.HAL_DMA_Abort  stm32f3xx_hal_dma.o
    0x08000292   0x08000292   0x00000044   Code   RO          464    .text.HAL_DMA_Abort_IT  stm32f3xx_hal_dma.o
    0x080002d6   0x080002d6   0x0000009e   Code   RO          468    .text.HAL_DMA_IRQHandler  stm32f3xx_hal_dma.o
    0x08000374   0x08000374   0x00000150   Code   RO          452    .text.HAL_DMA_Init  stm32f3xx_hal_dma.o
    0x080004c4   0x080004c4   0x00000020   Code   RO          320    .text.HAL_Delay     stm32f3xx_hal.o
    0x080004e4   0x080004e4   0x000002a0   Code   RO          424    .text.HAL_GPIO_Init  stm32f3xx_hal_gpio.o
    0x08000784   0x08000784   0x00000024   Code   RO          432    .text.HAL_GPIO_TogglePin  stm32f3xx_hal_gpio.o
    0x080007a8   0x080007a8   0x00000038   Code   RO          430    .text.HAL_GPIO_WritePin  stm32f3xx_hal_gpio.o
    0x080007e0   0x080007e0   0x00000008   Code   RO          312    .text.HAL_GetTick   stm32f3xx_hal.o
    0x080007e8   0x080007e8   0x0000000c   Code   RO          310    .text.HAL_IncTick   stm32f3xx_hal.o
    0x080007f4   0x080007f4   0x00000024   Code   RO          300    .text.HAL_Init      stm32f3xx_hal.o
    0x08000818   0x08000818   0x00000040   Code   RO          302    .text.HAL_InitTick  stm32f3xx_hal.o
    0x08000858   0x08000858   0x00000034   Code   RO           70    .text.HAL_MspInit   stm32f3xx_hal_msp.o
    0x0800088c   0x0800088c   0x00000028   Code   RO          494    .text.HAL_NVIC_EnableIRQ  stm32f3xx_hal_cortex.o
    0x080008b4   0x080008b4   0x00000074   Code   RO          492    .text.HAL_NVIC_SetPriority  stm32f3xx_hal_cortex.o
    0x08000928   0x08000928   0x00000034   Code   RO          490    .text.HAL_NVIC_SetPriorityGrouping  stm32f3xx_hal_cortex.o
    0x0800095c   0x0800095c   0x000002bc   Code   RO          404    .text.HAL_RCCEx_PeriphCLKConfig  stm32f3xx_hal_rcc_ex.o
    0x08000c18   0x08000c18   0x000001f0   Code   RO          366    .text.HAL_RCC_ClockConfig  stm32f3xx_hal_rcc.o
    0x08000e08   0x08000e08   0x0000001c   Code   RO          378    .text.HAL_RCC_GetPCLK1Freq  stm32f3xx_hal_rcc.o
    0x08000e24   0x08000e24   0x00000048   Code   RO          368    .text.HAL_RCC_GetSysClockFreq  stm32f3xx_hal_rcc.o
    0x08000e6c   0x08000e6c   0x00000414   Code   RO          364    .text.HAL_RCC_OscConfig  stm32f3xx_hal_rcc.o
    0x08001280   0x08001280   0x00000028   Code   RO          502    .text.HAL_SYSTICK_Config  stm32f3xx_hal_cortex.o
    0x080012a8   0x080012a8   0x00000002   Code   RO          218    .text.HAL_UARTEx_RxEventCallback  stm32f3xx_hal_uart.o
    0x080012aa   0x080012aa   0x00000002   Code   RO          272    .text.HAL_UARTEx_WakeupCallback  stm32f3xx_hal_uart_ex.o
    0x080012ac   0x080012ac   0x00000002   Code   RO          216    .text.HAL_UART_ErrorCallback  stm32f3xx_hal_uart.o
    0x080012ae   0x080012ae   0x00000002   PAD
    0x080012b0   0x080012b0   0x00000244   Code   RO          212    .text.HAL_UART_IRQHandler  stm32f3xx_hal_uart.o
    0x080014f4   0x080014f4   0x000000a8   Code   RO          130    .text.HAL_UART_Init  stm32f3xx_hal_uart.o
    0x0800159c   0x0800159c   0x000000dc   Code   RO           72    .text.HAL_UART_MspInit  stm32f3xx_hal_msp.o
    0x08001678   0x08001678   0x00000002   Code   RO          220    .text.HAL_UART_TxCpltCallback  stm32f3xx_hal_uart.o
    0x0800167a   0x0800167a   0x00000002   Code   RO           38    .text.HardFault_Handler  stm32f3xx_it.o
    0x0800167c   0x0800167c   0x00000002   Code   RO           40    .text.MemManage_Handler  stm32f3xx_it.o
    0x0800167e   0x0800167e   0x00000002   Code   RO           36    .text.NMI_Handler   stm32f3xx_it.o
    0x08001680   0x08001680   0x00000002   Code   RO           50    .text.PendSV_Handler  stm32f3xx_it.o
    0x08001682   0x08001682   0x00000002   Code   RO           46    .text.SVC_Handler   stm32f3xx_it.o
    0x08001684   0x08001684   0x00000064   Code   RO          115    .text.SetToSendMode  drv_uart.o
    0x080016e8   0x080016e8   0x00000004   Code   RO           52    .text.SysTick_Handler  stm32f3xx_it.o
    0x080016ec   0x080016ec   0x0000008a   Code   RO           15    .text.SystemClock_Config  main.o
    0x08001776   0x08001776   0x00000002   PAD
    0x08001778   0x08001778   0x00000010   Code   RO          885    .text.SystemInit    system_stm32f3xx.o
    0x08001788   0x08001788   0x000001b4   Code   RO          136    .text.UART_AdvFeatureConfig  stm32f3xx_hal_uart.o
    0x0800193c   0x0800193c   0x00000064   Code   RO          138    .text.UART_CheckIdleState  stm32f3xx_hal_uart.o
    0x080019a0   0x080019a0   0x00000010   Code   RO          214    .text.UART_DMAAbortOnError  stm32f3xx_hal_uart.o
    0x080019b0   0x080019b0   0x0000002c   Code   RO          184    .text.UART_EndRxTransfer  stm32f3xx_hal_uart.o
    0x080019dc   0x080019dc   0x000001d8   Code   RO          134    .text.UART_SetConfig  stm32f3xx_hal_uart.o
    0x08001bb4   0x08001bb4   0x00000098   Code   RO          152    .text.UART_WaitOnFlagUntilTimeout  stm32f3xx_hal_uart.o
    0x08001c4c   0x08001c4c   0x00000020   Code   RO           58    .text.USART1_IRQHandler  stm32f3xx_it.o
    0x08001c6c   0x08001c6c   0x00000002   Code   RO           44    .text.UsageFault_Handler  stm32f3xx_it.o
    0x08001c6e   0x08001c6e   0x00000002   PAD
    0x08001c70   0x08001c70   0x0000004c   Code   RO           19    .text.assert_failed  main.o
    0x08001cbc   0x08001cbc   0x00000030   Code   RO           11    .text.fputc         main.o
    0x08001cec   0x08001cec   0x00000026   Code   RO           87    .text.initPoolAllocator  mem_allocator.o
    0x08001d12   0x08001d12   0x00000002   PAD
    0x08001d14   0x08001d14   0x000001c8   Code   RO           13    .text.main          main.o
    0x08001edc   0x08001edc   0x00000020   Code   RO          996    i.__0printf$3       mc_w.l(printf3.o)
    0x08001efc   0x08001efc   0x0000000e   Code   RO         1210    i.__scatterload_copy  mc_w.l(handlers.o)
    0x08001f0a   0x08001f0a   0x00000002   Code   RO         1211    i.__scatterload_null  mc_w.l(handlers.o)
    0x08001f0c   0x08001f0c   0x0000000e   Code   RO         1212    i.__scatterload_zeroinit  mc_w.l(handlers.o)
    0x08001f1a   0x08001f1a   0x00000002   PAD
    0x08001f1c   0x08001f1c   0x000001b8   Code   RO         1003    i._printf_core      mc_w.l(printf3.o)
    0x080020d4   0x080020d4   0x00000010   Data   RO          890    .rodata.AHBPrescTable  system_stm32f3xx.o
    0x080020e4   0x080020e4   0x00000008   Data   RO          891    .rodata.APBPrescTable  system_stm32f3xx.o
    0x080020ec   0x080020ec   0x00000010   Data   RO          390    .rodata.aPLLMULFactorTable  stm32f3xx_hal_rcc.o
    0x080020fc   0x080020fc   0x00000010   Data   RO          391    .rodata.aPredivFactorTable  stm32f3xx_hal_rcc.o
    0x0800210c   0x0800210c   0x00000039   Data   RO          258    .rodata.str1.1      stm32f3xx_hal_uart.o
    0x08002145   0x08002145   0x00000038   Data   RO          392    .rodata.str1.1      stm32f3xx_hal_rcc.o
    0x0800217d   0x0800217d   0x0000003b   Data   RO          412    .rodata.str1.1      stm32f3xx_hal_rcc_ex.o
    0x080021b8   0x080021b8   0x00000039   Data   RO          440    .rodata.str1.1      stm32f3xx_hal_gpio.o
    0x080021f1   0x080021f1   0x00000038   Data   RO          478    .rodata.str1.1      stm32f3xx_hal_dma.o
    0x08002229   0x08002229   0x0000003b   Data   RO          522    .rodata.str1.1      stm32f3xx_hal_cortex.o
    0x08002264   0x08002264   0x00000020   Data   RO         1208    Region$$Table       anon$$obj.o


    Execution Region RW_IRAM1 (Exec base: 0x20000000, Load base: 0x08002288, Size: 0x00000938, Max: 0x00004000, ABSOLUTE)

    Exec Addr    Load Addr    Size         Type   Attr      Idx    E Section Name        Object

    0x20000000   0x08002288   0x00000004   Data   RW         1182    .data               mc_w.l(stdout.o)
    0x20000004   0x0800228c   0x0000000c   Data   RW          350    .data..L_MergedGlobals  stm32f3xx_hal.o
    0x20000010   0x08002298   0x00000004   Data   RW          889    .data.SystemCoreClock  system_stm32f3xx.o
    0x20000014   0x0800229c   0x00000004   PAD
    0x20000018        -       0x00000048   Zero   RW           22    .bss.hdma_usart1_rx  main.o
    0x20000060        -       0x00000048   Zero   RW           23    .bss.hdma_usart1_tx  main.o
    0x200000a8        -       0x00000084   Zero   RW           21    .bss.huart1         main.o
    0x2000012c        -       0x0000000c   Zero   RW           99    .bss.instance       mem_allocator.o
    0x20000138        -       0x00000400   Zero   RW           98    .bss.memory_pool    mem_allocator.o
    0x20000538        -       0x00000400   Zero   RW            1    STACK               startup_stm32f302x8.o


==============================================================================

Image component sizes


      Code (inc. data)   RO Data    RW Data    ZI Data      Debug   Object Name

       100         12          0          0          0       1853   drv_uart.o
       726        100          0          0        276      10134   main.o
        38          0          0          0       1036       3458   mem_allocator.o
        36          8        392          0       1024        836   startup_stm32f302x8.o
       152         12          0         12          0       6918   stm32f3xx_hal.o
       248         28         59          0          0       9299   stm32f3xx_hal_cortex.o
       618         40         56          0          0       7196   stm32f3xx_hal_dma.o
       764         56         57          0          0       5642   stm32f3xx_hal_gpio.o
       272         20          0          0          0       6511   stm32f3xx_hal_msp.o
      1640         60         88          0          0       7926   stm32f3xx_hal_rcc.o
       700         24         59          0          0       4679   stm32f3xx_hal_rcc_ex.o
      1974         88         57          0          0      21976   stm32f3xx_hal_uart.o
         2          0          0          0          0       7501   stm32f3xx_hal_uart_ex.o
        76         12          0          0          0       2263   stm32f3xx_it.o
        16          4         24          4          0       2334   system_stm32f3xx.o

    ----------------------------------------------------------------------
      7372        464        824         16       2340      98526   Object Totals
         0          0         32          0          0          0   (incl. Generated)
        10          0          0          0          4          0   (incl. Padding)

    ----------------------------------------------------------------------

      Code (inc. data)   RO Data    RW Data    ZI Data      Debug   Library Member Name

         0          0          0          0          0          0   entry.o
         0          0          0          0          0          0   entry10a.o
         0          0          0          0          0          0   entry11a.o
         8          4          0          0          0          0   entry2.o
         4          0          0          0          0          0   entry5.o
         0          0          0          0          0          0   entry7b.o
         0          0          0          0          0          0   entry8b.o
         8          4          0          0          0          0   entry9a.o
        30          0          0          0          0          0   handlers.o
        36          8          0          0          0         68   init.o
        36          0          0          0          0        108   memseta.o
       472         14          0          0          0        184   printf3.o
         0          0          0          4          0          0   stdout.o
        44          0          0          0          0         80   uidiv.o

    ----------------------------------------------------------------------
       640         30          0          4          0        440   Library Totals
         2          0          0          0          0          0   (incl. Padding)

    ----------------------------------------------------------------------

      Code (inc. data)   RO Data    RW Data    ZI Data      Debug   Library Name

       638         30          0          4          0        440   mc_w.l

    ----------------------------------------------------------------------
       640         30          0          4          0        440   Library Totals

    ----------------------------------------------------------------------

==============================================================================


      Code (inc. data)   RO Data    RW Data    ZI Data      Debug   

      8012        494        824         20       2340      98858   Grand Totals
      8012        494        824         20       2340      98858   ELF Image Totals
      8012        494        824         20          0          0   ROM Totals

==============================================================================

    Total RO  Size (Code + RO Data)                 8836 (   8.63kB)
    Total RW  Size (RW Data + ZI Data)              2360 (   2.30kB)
    Total ROM Size (Code + RO Data + RW Data)       8856 (   8.65kB)

==============================================================================

